../Drivers/STM32WBxx_HAL_Driver/Inc/stm32wbxx_ll_bus.h:364:22:LL_AHB1_GRP1_EnableClock	8	static
../Drivers/STM32WBxx_HAL_Driver/Inc/stm32wbxx_ll_bus.h:539:22:LL_AHB2_GRP1_EnableClock	8	static
../Core/Src/main.c:138:6:SystemClock_Config	112	static,ignoring_inline_asm
../Core/Src/main.c:189:6:PeriphCommonClock_Config	88	static,ignoring_inline_asm
../Core/Src/main.c:77:5:main	8	static,ignoring_inline_asm
../Core/Src/main.c:240:6:MX_LPUART1_UART_Init	8	static,ignoring_inline_asm
../Core/Src/main.c:288:6:MX_USART1_UART_Init	8	static,ignoring_inline_asm
../Core/Src/main.c:443:6:Error_Handler	0	static,ignoring_inline_asm
