Archive member included to satisfy reference by file (symbol)

C:/ST/STM32CubeIDE_1.14.0/STM32CubeIDE/plugins/com.st.stm32cube.ide.mcu.externaltools.gnu-tools-for-stm32.11.3.rel1.win32_1.1.100.202309141235/tools/bin/../lib/gcc/arm-none-eabi/11.3.1/../../../../arm-none-eabi/lib/thumb/v7e-m+fp/hard\libc_nano.a(libc_a-exit.o)
                              C:/ST/STM32CubeIDE_1.14.0/STM32CubeIDE/plugins/com.st.stm32cube.ide.mcu.externaltools.gnu-tools-for-stm32.11.3.rel1.win32_1.1.100.202309141235/tools/bin/../lib/gcc/arm-none-eabi/11.3.1/../../../../arm-none-eabi/lib/thumb/v7e-m+fp/hard/crt0.o (exit)
C:/ST/STM32CubeIDE_1.14.0/STM32CubeIDE/plugins/com.st.stm32cube.ide.mcu.externaltools.gnu-tools-for-stm32.11.3.rel1.win32_1.1.100.202309141235/tools/bin/../lib/gcc/arm-none-eabi/11.3.1/../../../../arm-none-eabi/lib/thumb/v7e-m+fp/hard\libc_nano.a(libc_a-findfp.o)
                              C:/ST/STM32CubeIDE_1.14.0/STM32CubeIDE/plugins/com.st.stm32cube.ide.mcu.externaltools.gnu-tools-for-stm32.11.3.rel1.win32_1.1.100.202309141235/tools/bin/../lib/gcc/arm-none-eabi/11.3.1/../../../../arm-none-eabi/lib/thumb/v7e-m+fp/hard\libc_nano.a(libc_a-exit.o) (__stdio_exit_handler)
C:/ST/STM32CubeIDE_1.14.0/STM32CubeIDE/plugins/com.st.stm32cube.ide.mcu.externaltools.gnu-tools-for-stm32.11.3.rel1.win32_1.1.100.202309141235/tools/bin/../lib/gcc/arm-none-eabi/11.3.1/../../../../arm-none-eabi/lib/thumb/v7e-m+fp/hard\libc_nano.a(libc_a-fwalk.o)
                              C:/ST/STM32CubeIDE_1.14.0/STM32CubeIDE/plugins/com.st.stm32cube.ide.mcu.externaltools.gnu-tools-for-stm32.11.3.rel1.win32_1.1.100.202309141235/tools/bin/../lib/gcc/arm-none-eabi/11.3.1/../../../../arm-none-eabi/lib/thumb/v7e-m+fp/hard\libc_nano.a(libc_a-findfp.o) (_fwalk_sglue)
C:/ST/STM32CubeIDE_1.14.0/STM32CubeIDE/plugins/com.st.stm32cube.ide.mcu.externaltools.gnu-tools-for-stm32.11.3.rel1.win32_1.1.100.202309141235/tools/bin/../lib/gcc/arm-none-eabi/11.3.1/../../../../arm-none-eabi/lib/thumb/v7e-m+fp/hard\libc_nano.a(libc_a-printf.o)
                              ./Core/Src/app_entry.o (printf)
C:/ST/STM32CubeIDE_1.14.0/STM32CubeIDE/plugins/com.st.stm32cube.ide.mcu.externaltools.gnu-tools-for-stm32.11.3.rel1.win32_1.1.100.202309141235/tools/bin/../lib/gcc/arm-none-eabi/11.3.1/../../../../arm-none-eabi/lib/thumb/v7e-m+fp/hard\libc_nano.a(libc_a-puts.o)
                              ./Core/Src/app_entry.o (puts)
C:/ST/STM32CubeIDE_1.14.0/STM32CubeIDE/plugins/com.st.stm32cube.ide.mcu.externaltools.gnu-tools-for-stm32.11.3.rel1.win32_1.1.100.202309141235/tools/bin/../lib/gcc/arm-none-eabi/11.3.1/../../../../arm-none-eabi/lib/thumb/v7e-m+fp/hard\libc_nano.a(libc_a-snprintf.o)
                              ./User/BLE/ble_advertising.o (snprintf)
C:/ST/STM32CubeIDE_1.14.0/STM32CubeIDE/plugins/com.st.stm32cube.ide.mcu.externaltools.gnu-tools-for-stm32.11.3.rel1.win32_1.1.100.202309141235/tools/bin/../lib/gcc/arm-none-eabi/11.3.1/../../../../arm-none-eabi/lib/thumb/v7e-m+fp/hard\libc_nano.a(libc_a-sprintf.o)
                              ./User/BLE/ble_advertising.o (sprintf)
C:/ST/STM32CubeIDE_1.14.0/STM32CubeIDE/plugins/com.st.stm32cube.ide.mcu.externaltools.gnu-tools-for-stm32.11.3.rel1.win32_1.1.100.202309141235/tools/bin/../lib/gcc/arm-none-eabi/11.3.1/../../../../arm-none-eabi/lib/thumb/v7e-m+fp/hard\libc_nano.a(libc_a-stdio.o)
                              C:/ST/STM32CubeIDE_1.14.0/STM32CubeIDE/plugins/com.st.stm32cube.ide.mcu.externaltools.gnu-tools-for-stm32.11.3.rel1.win32_1.1.100.202309141235/tools/bin/../lib/gcc/arm-none-eabi/11.3.1/../../../../arm-none-eabi/lib/thumb/v7e-m+fp/hard\libc_nano.a(libc_a-findfp.o) (__sread)
C:/ST/STM32CubeIDE_1.14.0/STM32CubeIDE/plugins/com.st.stm32cube.ide.mcu.externaltools.gnu-tools-for-stm32.11.3.rel1.win32_1.1.100.202309141235/tools/bin/../lib/gcc/arm-none-eabi/11.3.1/../../../../arm-none-eabi/lib/thumb/v7e-m+fp/hard\libc_nano.a(libc_a-vprintf.o)
                              ./Middlewares/ST/STM32_WPAN/utilities/dbg_trace.o (vprintf)
C:/ST/STM32CubeIDE_1.14.0/STM32CubeIDE/plugins/com.st.stm32cube.ide.mcu.externaltools.gnu-tools-for-stm32.11.3.rel1.win32_1.1.100.202309141235/tools/bin/../lib/gcc/arm-none-eabi/11.3.1/../../../../arm-none-eabi/lib/thumb/v7e-m+fp/hard\libc_nano.a(libc_a-wbuf.o)
                              C:/ST/STM32CubeIDE_1.14.0/STM32CubeIDE/plugins/com.st.stm32cube.ide.mcu.externaltools.gnu-tools-for-stm32.11.3.rel1.win32_1.1.100.202309141235/tools/bin/../lib/gcc/arm-none-eabi/11.3.1/../../../../arm-none-eabi/lib/thumb/v7e-m+fp/hard\libc_nano.a(libc_a-puts.o) (__swbuf_r)
C:/ST/STM32CubeIDE_1.14.0/STM32CubeIDE/plugins/com.st.stm32cube.ide.mcu.externaltools.gnu-tools-for-stm32.11.3.rel1.win32_1.1.100.202309141235/tools/bin/../lib/gcc/arm-none-eabi/11.3.1/../../../../arm-none-eabi/lib/thumb/v7e-m+fp/hard\libc_nano.a(libc_a-wsetup.o)
[...]
Memory Configuration

Name             Origin             Length             Attributes
FLASH            0x0000000008000000 0x0000000000080000 xr
RAM              0x0000000020000008 0x000000000002fc00 xrw
RAM_SHARED       0x0000000020030000 0x0000000000002400 xrw
*default*        0x0000000000000000 0xffffffffffffffff

Linker script and memory map

LOAD C:/ST/STM32CubeIDE_1.14.0/STM32CubeIDE/plugins/com.st.stm32cube.ide.mcu.externaltools.gnu-tools-for-stm32.11.3.rel1.win32_1.1.100.202309141235/tools/bin/../lib/gcc/arm-none-eabi/11.3.1/thumb/v7e-m+fp/hard/crti.o
LOAD C:/ST/STM32CubeIDE_1.14.0/STM32CubeIDE/plugins/com.st.stm32cube.ide.mcu.externaltools.gnu-tools-for-stm32.11.3.rel1.win32_1.1.100.202309141235/tools/bin/../lib/gcc/arm-none-eabi/11.3.1/thumb/v7e-m+fp/hard/crtbegin.o
LOAD C:/ST/STM32CubeIDE_1.14.0/STM32CubeIDE/plugins/com.st.stm32cube.ide.mcu.externaltools.gnu-tools-for-stm32.11.3.rel1.win32_1.1.100.202309141235/tools/bin/../lib/gcc/arm-none-eabi/11.3.1/../../../../arm-none-eabi/lib/thumb/v7e-m+fp/hard/crt0.o
LOAD ./Core/Src/app_debug.o
LOAD ./Core/Src/app_entry.o
LOAD ./Core/Src/hw_timerserver.o
LOAD ./Core/Src/hw_uart.o
LOAD ./Core/Src/main.o
LOAD ./Core/Src/stm32_lpm_if.o
LOAD ./Core/Src/stm32wbxx_hal_msp.o
LOAD ./Core/Src/stm32wbxx_it.o
LOAD ./Core/Src/syscalls.o
LOAD ./Core/Src/sysmem.o
LOAD ./Core/Src/system_stm32wbxx.o
LOAD ./Core/Startup/startup_stm32wb55rgvx.o
LOAD ./Drivers/STM32WBxx_HAL_Driver/Src/stm32wbxx_hal.o
LOAD ./Drivers/STM32WBxx_HAL_Driver/Src/stm32wbxx_hal_cortex.o
LOAD ./Drivers/STM32WBxx_HAL_Driver/Src/stm32wbxx_hal_dma.o
LOAD ./Drivers/STM32WBxx_HAL_Driver/Src/stm32wbxx_hal_dma_ex.o
LOAD ./Drivers/STM32WBxx_HAL_Driver/Src/stm32wbxx_hal_exti.o
LOAD ./Drivers/STM32WBxx_HAL_Driver/Src/stm32wbxx_hal_flash.o
LOAD ./Drivers/STM32WBxx_HAL_Driver/Src/stm32wbxx_hal_flash_ex.o
LOAD ./Drivers/STM32WBxx_HAL_Driver/Src/stm32wbxx_hal_gpio.o
LOAD ./Drivers/STM32WBxx_HAL_Driver/Src/stm32wbxx_hal_hsem.o
LOAD ./Drivers/STM32WBxx_HAL_Driver/Src/stm32wbxx_hal_ipcc.o
LOAD ./Drivers/STM32WBxx_HAL_Driver/Src/stm32wbxx_hal_pwr.o
LOAD ./Drivers/STM32WBxx_HAL_Driver/Src/stm32wbxx_hal_pwr_ex.o
LOAD ./Drivers/STM32WBxx_HAL_Driver/Src/stm32wbxx_hal_rcc.o
LOAD ./Drivers/STM32WBxx_HAL_Driver/Src/stm32wbxx_hal_rcc_ex.o
LOAD ./Drivers/STM32WBxx_HAL_Driver/Src/stm32wbxx_hal_rtc.o
LOAD ./Drivers/STM32WBxx_HAL_Driver/Src/stm32wbxx_hal_rtc_ex.o
LOAD ./Drivers/STM32WBxx_HAL_Driver/Src/stm32wbxx_hal_tim.o
LOAD ./Drivers/STM32WBxx_HAL_Driver/Src/stm32wbxx_hal_tim_ex.o
LOAD ./Drivers/STM32WBxx_HAL_Driver/Src/stm32wbxx_hal_uart.o
LOAD ./Drivers/STM32WBxx_HAL_Driver/Src/stm32wbxx_hal_uart_ex.o
LOAD ./Drivers/STM32WBxx_HAL_Driver/Src/stm32wbxx_ll_rcc.o
LOAD ./Middlewares/ST/STM32_WPAN/ble/core/auto/ble_gap_aci.o
LOAD ./Middlewares/ST/STM32_WPAN/ble/core/auto/ble_gatt_aci.o
LOAD ./Middlewares/ST/STM32_WPAN/ble/core/auto/ble_hal_aci.o
LOAD ./Middlewares/ST/STM32_WPAN/ble/core/auto/ble_hci_le.o
LOAD ./Middlewares/ST/STM32_WPAN/ble/core/auto/ble_l2cap_aci.o
LOAD ./Middlewares/ST/STM32_WPAN/ble/core/template/osal.o
LOAD ./Middlewares/ST/STM32_WPAN/ble/svc/Src/svc_ctl.o
LOAD ./Middlewares/ST/STM32_WPAN/interface/patterns/ble_thread/shci/shci.o
LOAD ./Middlewares/ST/STM32_WPAN/interface/patterns/ble_thread/tl/hci_tl.o
LOAD ./Middlewares/ST/STM32_WPAN/interface/patterns/ble_thread/tl/hci_tl_if.o
LOAD ./Middlewares/ST/STM32_WPAN/interface/patterns/ble_thread/tl/shci_tl.o
LOAD ./Middlewares/ST/STM32_WPAN/interface/patterns/ble_thread/tl/shci_tl_if.o
LOAD ./Middlewares/ST/STM32_WPAN/interface/patterns/ble_thread/tl/tl_mbox.o
LOAD ./Middlewares/ST/STM32_WPAN/utilities/dbg_trace.o
LOAD ./Middlewares/ST/STM32_WPAN/utilities/otp.o
LOAD ./Middlewares/ST/STM32_WPAN/utilities/stm_list.o
LOAD ./Middlewares/ST/STM32_WPAN/utilities/stm_queue.o
LOAD ./STM32_WPAN/App/app_ble.o
LOAD ./STM32_WPAN/App/eddystone_tlm_service.o
LOAD ./STM32_WPAN/App/eddystone_uid_service.o
LOAD ./STM32_WPAN/App/eddystone_url_service.o
LOAD ./STM32_WPAN/App/ibeacon_service.o
LOAD ./STM32_WPAN/Target/hw_ipcc.o
LOAD ./User/BLE/ble_advertising.o
LOAD ./Utilities/lpm/tiny_lpm/stm32_lpm.o
LOAD ./Utilities/sequencer/stm32_seq.o
START GROUP
LOAD C:/ST/STM32CubeIDE_1.14.0/STM32CubeIDE/plugins/com.st.stm32cube.ide.mcu.externaltools.gnu-tools-for-stm32.11.3.rel1.win32_1.1.100.202309141235/tools/bin/../lib/gcc/arm-none-eabi/11.3.1/../../../../arm-none-eabi/lib/thumb/v7e-m+fp/hard\libc_nano.a
LOAD C:/ST/STM32CubeIDE_1.14.0/STM32CubeIDE/plugins/com.st.stm32cube.ide.mcu.externaltools.gnu-tools-for-stm32.11.3.rel1.win32_1.1.100.202309141235/tools/bin/../lib/gcc/arm-none-eabi/11.3.1/../../../../arm-none-eabi/lib/thumb/v7e-m+fp/hard\libm.a
END GROUP
START GROUP
LOAD C:/ST/STM32CubeIDE_1.14.0/STM32CubeIDE/plugins/com.st.stm32cube.ide.mcu.externaltools.gnu-tools-for-stm32.11.3.rel1.win32_1.1.100.202309141235/tools/bin/../lib/gcc/arm-none-eabi/11.3.1/thumb/v7e-m+fp/hard\libgcc.a
LOAD C:/ST/STM32CubeIDE_1.14.0/STM32CubeIDE/plugins/com.st.stm32cube.ide.mcu.externaltools.gnu-tools-for-stm32.11.3.rel1.win32_1.1.100.202309141235/tools/bin/../lib/gcc/arm-none-eabi/11.3.1/../../../../arm-none-eabi/lib/thumb/v7e-m+fp/hard\libc_nano.a
END GROUP
START GROUP
LOAD C:/ST/STM32CubeIDE_1.14.0/STM32CubeIDE/plugins/com.st.stm32cube.ide.mcu.externaltools.gnu-tools-for-stm32.11.3.rel1.win32_1.1.100.202309141235/tools/bin/../lib/gcc/arm-none-eabi/11.3.1/thumb/v7e-m+fp/hard\libgcc.a
LOAD C:/ST/STM32CubeIDE_1.14.0/STM32CubeIDE/plugins/com.st.stm32cube.ide.mcu.externaltools.gnu-tools-for-stm32.11.3.rel1.win32_1.1.100.202309141235/tools/bin/../lib/gcc/arm-none-eabi/11.3.1/../../../../arm-none-eabi/lib/thumb/v7e-m+fp/hard\libc_nano.a
LOAD C:/ST/STM32CubeIDE_1.14.0/STM32CubeIDE/plugins/com.st.stm32cube.ide.mcu.externaltools.gnu-tools-for-stm32.11.3.rel1.win32_1.1.100.202309141235/tools/bin/../lib/gcc/arm-none-eabi/11.3.1/../../../../arm-none-eabi/lib/thumb/v7e-m+fp/hard\libnosys.a
END GROUP
START GROUP
LOAD C:/ST/STM32CubeIDE_1.14.0/STM32CubeIDE/plugins/com.st.stm32cube.ide.mcu.externaltools.gnu-tools-for-stm32.11.3.rel1.win32_1.1.100.202309141235/tools/bin/../lib/gcc/arm-none-eabi/11.3.1/thumb/v7e-m+fp/hard\libgcc.a
LOAD C:/ST/STM32CubeIDE_1.14.0/STM32CubeIDE/plugins/com.st.stm32cube.ide.mcu.externaltools.gnu-tools-for-stm32.11.3.rel1.win32_1.1.100.202309141235/tools/bin/../lib/gcc/arm-none-eabi/11.3.1/../../../../arm-none-eabi/lib/thumb/v7e-m+fp/hard\libc_nano.a
LOAD C:/ST/STM32CubeIDE_1.14.0/STM32CubeIDE/plugins/com.st.stm32cube.ide.mcu.externaltools.gnu-tools-for-stm32.11.3.rel1.win32_1.1.100.202309141235/tools/bin/../lib/gcc/arm-none-eabi/11.3.1/../../../../arm-none-eabi/lib/thumb/v7e-m+fp/hard\libnosys.a
END GROUP
LOAD C:/ST/STM32CubeIDE_1.14.0/STM32CubeIDE/plugins/com.st.stm32cube.ide.mcu.externaltools.gnu-tools-for-stm32.11.3.rel1.win32_1.1.100.202309141235/tools/bin/../lib/gcc/arm-none-eabi/11.3.1/thumb/v7e-m+fp/hard/crtend.o
LOAD C:/ST/STM32CubeIDE_1.14.0/STM32CubeIDE/plugins/com.st.stm32cube.ide.mcu.externaltools.gnu-tools-for-stm32.11.3.rel1.win32_1.1.100.202309141235/tools/bin/../lib/gcc/arm-none-eabi/11.3.1/thumb/v7e-m+fp/hard/crtn.o
                0x000000002002fc08                _estack = (ORIGIN (RAM) + LENGTH (RAM))
                0x0000000000000400                _Min_Heap_Size = 0x400
                0x0000000000001000                _Min_Stack_Size = 0x1000

.isr_vector     0x0000000008000000      0x13c
                0x0000000008000000                . = ALIGN (0x4)
 *(.isr_vector)
 .isr_vector    0x0000000008000000      0x13c ./Core/Startup/startup_stm32wb55rgvx.o
                0x0000000008000000                g_pfnVectors
                0x000000000800013c                . = ALIGN (0x4)

.text           0x0000000008000140     0x635c
                0x0000000008000140                . = ALIGN (0x4)
 *(.text)
 .text          0x0000000008000140       0x40 C:/ST/STM32CubeIDE_1.14.0/STM32CubeIDE/plugins/com.st.stm32cube.ide.mcu.externaltools.gnu-tools-for-stm32.11.3.rel1.win32_1.1.100.202309141235/tools/bin/../lib/gcc/arm-none-eabi/11.3.1/thumb/v7e-m+fp/hard/crtbegin.o
 .text          0x0000000008000180       0xa0 C:/ST/STM32CubeIDE_1.14.0/STM32CubeIDE/plugins/com.st.stm32cube.ide.mcu.externaltools.gnu-tools-for-stm32.11.3.rel1.win32_1.1.100.202309141235/tools/bin/../lib/gcc/arm-none-eabi/11.3.1/../../../../arm-none-eabi/lib/thumb/v7e-m+fp/hard\libc_nano.a(libc_a-memchr.o)
                0x0000000008000180                memchr
 .text          0x0000000008000220       0x30 C:/ST/STM32CubeIDE_1.14.0/STM32CubeIDE/plugins/com.st.stm32cube.ide.mcu.externaltools.gnu-tools-for-stm32.11.3.rel1.win32_1.1.100.202309141235/tools/bin/../lib/gcc/arm-none-eabi/11.3.1/thumb/v7e-m+fp/hard\libgcc.a(_aeabi_uldivmod.o)
                0x0000000008000220                __aeabi_uldivmod
 .text          0x0000000008000250      0x2c8 C:/ST/STM32CubeIDE_1.14.0/STM32CubeIDE/plugins/com.st.stm32cube.ide.mcu.externaltools.gnu-tools-for-stm32.11.3.rel1.win32_1.1.100.202309141235/tools/bin/../lib/gcc/arm-none-eabi/11.3.1/thumb/v7e-m+fp/hard\libgcc.a(_udivmoddi4.o)
                0x0000000008000250                __udivmoddi4
 .text          0x0000000008000518        0x4 C:/ST/STM32CubeIDE_1.14.0/STM32CubeIDE/plugins/com.st.stm32cube.ide.mcu.externaltools.gnu-tools-for-stm32.11.3.rel1.win32_1.1.100.202309141235/tools/bin/../lib/gcc/arm-none-eabi/11.3.1/thumb/v7e-m+fp/hard\libgcc.a(_dvmd_tls.o)
                0x0000000008000518                __aeabi_idiv0
                0x0000000008000518                __aeabi_ldiv0
 *(.text*)
 .text.LL_AHB2_GRP1_EnableClock
                0x000000000800051c       0x18 ./Core/Src/app_debug.o
 .text.LL_C2_AHB2_GRP1_EnableClock
                0x0000000008000534       0x1e ./Core/Src/app_debug.o
 *fill*         0x0000000008000552        0x2 
 .text.APPD_Init
                0x0000000008000554       0xe8 ./Core/Src/app_debug.o
                0x0000000008000554                APPD_Init
 .text.APPD_EnableCPU2
                0x000000000800063c       0x38 ./Core/Src/app_debug.o
                0x000000000800063c                APPD_EnableCPU2
 .text.DbgOutputInit
                0x0000000008000674        0x4 ./Core/Src/app_debug.o
                0x0000000008000674                DbgOutputInit
 .text.DbgOutputTraces
                0x0000000008000678        0xc ./Core/Src/app_debug.o
                0x0000000008000678                DbgOutputTraces
 .text.APPE_SysStatusNot
                0x0000000008000684        0x2 ./Core/Src/app_entry.o
 *fill*         0x0000000008000686        0x2 
 .text.APPE_SysUserEvtRx
                0x0000000008000688      0x18c ./Core/Src/app_entry.o
 .text.MX_APPE_Config
                0x0000000008000814       0xac ./Core/Src/app_entry.o
                0x0000000008000814                MX_APPE_Config
 .text.Init_Exti
                0x00000000080008c0       0x14 ./Core/Src/app_entry.o
                0x00000000080008c0                Init_Exti
 .text.MX_APPE_Init
                0x00000000080008d4       0xb4 ./Core/Src/app_entry.o
                0x00000000080008d4                MX_APPE_Init
 .text.MX_APPE_Process
                0x0000000008000988        0x8 ./Core/Src/app_entry.o
                0x0000000008000988                MX_APPE_Process
 .text.UTIL_SEQ_Idle
                0x0000000008000990        0x2 ./Core/Src/app_entry.o
                0x0000000008000990                UTIL_SEQ_Idle
 .text.UTIL_SEQ_EvtIdle
                0x0000000008000992        0x8 ./Core/Src/app_entry.o
                0x0000000008000992                UTIL_SEQ_EvtIdle
 .text.shci_notify_asynch_evt
                0x000000000800099a        0x8 ./Core/Src/app_entry.o
                0x000000000800099a                shci_notify_asynch_evt
 .text.shci_cmd_resp_release
                0x00000000080009a2        0x6 ./Core/Src/app_entry.o
                0x00000000080009a2                shci_cmd_resp_release
 .text.shci_cmd_resp_wait
                0x00000000080009a8        0x6 ./Core/Src/app_entry.o
                0x00000000080009a8                shci_cmd_resp_wait
 *fill*         0x00000000080009ae        0x2 
 .text.ReadRtcSsrValue
                0x00000000080009b0       0x1c ./Core/Src/hw_timerserver.o
 .text.UnlinkTimer
                0x00000000080009cc       0x80 ./Core/Src/hw_timerserver.o
 .text.ReturnTimeElapsed
                0x0000000008000a4c       0x48 ./Core/Src/hw_timerserver.o
 .text.RescheduleTimerList
                0x0000000008000a94      0x118 ./Core/Src/hw_timerserver.o
 .text.HW_TS_Init
                0x0000000008000bac      0x130 ./Core/Src/hw_timerserver.o
                0x0000000008000bac                HW_TS_Init
 .text.HW_TS_Create
                0x0000000008000cdc       0x54 ./Core/Src/hw_timerserver.o
                0x0000000008000cdc                HW_TS_Create
 .text.HW_TS_Stop
                0x0000000008000d30       0xb0 ./Core/Src/hw_timerserver.o
                0x0000000008000d30                HW_TS_Stop
 .text.HW_TS_Start
                0x0000000008000de0      0x158 ./Core/Src/hw_timerserver.o
                0x0000000008000de0                HW_TS_Start
 .text.HW_TS_RTC_Int_AppNot
                0x0000000008000f38        0x2 ./Core/Src/hw_timerserver.o
                0x0000000008000f38                HW_TS_RTC_Int_AppNot
 *fill*         0x0000000008000f3a        0x2 
 .text.HW_TS_RTC_Wakeup_Handler
                0x0000000008000f3c       0xc4 ./Core/Src/hw_timerserver.o
                0x0000000008000f3c                HW_TS_RTC_Wakeup_Handler
 .text.HW_UART_Transmit_DMA
                0x0000000008001000       0x2c ./Core/Src/hw_uart.o
                0x0000000008001000                HW_UART_Transmit_DMA
 .text.HAL_UART_TxCpltCallback
                0x000000000800102c       0x1c ./Core/Src/hw_uart.o
                0x000000000800102c                HAL_UART_TxCpltCallback
 .text.LL_AHB1_GRP1_EnableClock
                0x0000000008001048       0x18 ./Core/Src/main.o
 .text.LL_AHB2_GRP1_EnableClock
                0x0000000008001060       0x18 ./Core/Src/main.o
 .text.SystemClock_Config
                0x0000000008001078       0x94 ./Core/Src/main.o
                0x0000000008001078                SystemClock_Config
 .text.PeriphCommonClock_Config
                0x000000000800110c       0x34 ./Core/Src/main.o
                0x000000000800110c                PeriphCommonClock_Config
 .text.startup.main
                0x0000000008001140       0xc4 ./Core/Src/main.o
                0x0000000008001140                main
 .text.MX_USART1_UART_Init
                0x0000000008001204       0x68 ./Core/Src/main.o
                0x0000000008001204                MX_USART1_UART_Init
 .text.Error_Handler
                0x000000000800126c        0x4 ./Core/Src/main.o
                0x000000000800126c                Error_Handler
 .text.HAL_MspInit
                0x0000000008001270       0x2e ./Core/Src/stm32wbxx_hal_msp.o
                0x0000000008001270                HAL_MspInit
 *fill*         0x000000000800129e        0x2 
 .text.HAL_IPCC_MspInit
                0x00000000080012a0       0x50 ./Core/Src/stm32wbxx_hal_msp.o
                0x00000000080012a0                HAL_IPCC_MspInit
 .text.HAL_UART_MspInit
                0x00000000080012f0      0x18c ./Core/Src/stm32wbxx_hal_msp.o
                0x00000000080012f0                HAL_UART_MspInit
 .text.HAL_RTC_MspInit
                0x000000000800147c       0x6c ./Core/Src/stm32wbxx_hal_msp.o
                0x000000000800147c                HAL_RTC_MspInit
 .text.NMI_Handler
                0x00000000080014e8        0x2 ./Core/Src/stm32wbxx_it.o
                0x00000000080014e8                NMI_Handler
 .text.HardFault_Handler
                0x00000000080014ea        0x2 ./Core/Src/stm32wbxx_it.o
                0x00000000080014ea                HardFault_Handler
 .text.MemManage_Handler
                0x00000000080014ec        0x2 ./Core/Src/stm32wbxx_it.o
                0x00000000080014ec                MemManage_Handler
 .text.BusFault_Handler
                0x00000000080014ee        0x2 ./Core/Src/stm32wbxx_it.o
                0x00000000080014ee                BusFault_Handler
 .text.UsageFault_Handler
                0x00000000080014f0        0x2 ./Core/Src/stm32wbxx_it.o
                0x00000000080014f0                UsageFault_Handler
 .text.SVC_Handler
                0x00000000080014f2        0x2 ./Core/Src/stm32wbxx_it.o
                0x00000000080014f2                SVC_Handler
 .text.DebugMon_Handler
                0x00000000080014f4        0x2 ./Core/Src/stm32wbxx_it.o
                0x00000000080014f4                DebugMon_Handler
 .text.PendSV_Handler
                0x00000000080014f6        0x2 ./Core/Src/stm32wbxx_it.o
                0x00000000080014f6                PendSV_Handler
 .text.SysTick_Handler
                0x00000000080014f8        0x4 ./Core/Src/stm32wbxx_it.o
                0x00000000080014f8                SysTick_Handler
 .text.RTC_WKUP_IRQHandler
                0x00000000080014fc        0x4 ./Core/Src/stm32wbxx_it.o
                0x00000000080014fc                RTC_WKUP_IRQHandler
 .text.DMA1_Channel4_IRQHandler
                0x0000000008001500        0xc ./Core/Src/stm32wbxx_it.o
                0x0000000008001500                DMA1_Channel4_IRQHandler
 .text.USART1_IRQHandler
                0x000000000800150c        0xc ./Core/Src/stm32wbxx_it.o
                0x000000000800150c                USART1_IRQHandler
 .text.LPUART1_IRQHandler
                0x0000000008001518        0xc ./Core/Src/stm32wbxx_it.o
                0x0000000008001518                LPUART1_IRQHandler
 .text.IPCC_C1_RX_IRQHandler
                0x0000000008001524        0x4 ./Core/Src/stm32wbxx_it.o
                0x0000000008001524                IPCC_C1_RX_IRQHandler
 .text.IPCC_C1_TX_IRQHandler
                0x0000000008001528        0x4 ./Core/Src/stm32wbxx_it.o
                0x0000000008001528                IPCC_C1_TX_IRQHandler
 .text.HSEM_IRQHandler
                0x000000000800152c        0x4 ./Core/Src/stm32wbxx_it.o
                0x000000000800152c                HSEM_IRQHandler
 .text.DMA2_Channel4_IRQHandler
                0x0000000008001530        0xc ./Core/Src/stm32wbxx_it.o
                0x0000000008001530                DMA2_Channel4_IRQHandler
 .text._read    0x000000000800153c       0x1c ./Core/Src/syscalls.o
                0x000000000800153c                _read
 .text._close   0x0000000008001558        0x6 ./Core/Src/syscalls.o
                0x0000000008001558                _close
 .text._fstat   0x000000000800155e        0xa ./Core/Src/syscalls.o
                0x000000000800155e                _fstat
 .text._isatty  0x0000000008001568        0x4 ./Core/Src/syscalls.o
                0x0000000008001568                _isatty
 .text._lseek   0x000000000800156c        0x4 ./Core/Src/syscalls.o
                0x000000000800156c                _lseek
 .text._sbrk    0x0000000008001570       0x40 ./Core/Src/sysmem.o
                0x0000000008001570                _sbrk
 .text.SystemInit
                0x00000000080015b0       0x64 ./Core/Src/system_stm32wbxx.o
                0x00000000080015b0                SystemInit
 .text.data_initializers
                0x0000000008001614       0x18 ./Core/Startup/startup_stm32wb55rgvx.o
 .text.Reset_Handler
                0x000000000800162c       0x58 ./Core/Startup/startup_stm32wb55rgvx.o
                0x000000000800162c                Reset_Handler
 .text.Default_Handler
                0x0000000008001684        0x2 ./Core/Startup/startup_stm32wb55rgvx.o
                0x0000000008001684                RTC_Alarm_IRQHandler
                0x0000000008001684                EXTI2_IRQHandler
                0x0000000008001684                TIM1_CC_IRQHandler
                0x0000000008001684                TSC_IRQHandler
                0x0000000008001684                USB_HP_IRQHandler
                0x0000000008001684                EXTI3_IRQHandler
                0x0000000008001684                LPTIM2_IRQHandler
                0x0000000008001684                I2C3_ER_IRQHandler
                0x0000000008001684                EXTI0_IRQHandler
                0x0000000008001684                FPU_IRQHandler
                0x0000000008001684                TIM1_UP_TIM16_IRQHandler
                0x0000000008001684                AES1_IRQHandler
                0x0000000008001684                SPI1_IRQHandler
                0x0000000008001684                PWR_SOTF_BLEACT_802ACT_RFPHASE_IRQHandler
                0x0000000008001684                DMA2_Channel2_IRQHandler
                0x0000000008001684                ADC1_IRQHandler
                0x0000000008001684                PKA_IRQHandler
                0x0000000008001684                DMA1_Channel7_IRQHandler
                0x0000000008001684                LCD_IRQHandler
                0x0000000008001684                DMA2_Channel1_IRQHandler
                0x0000000008001684                QUADSPI_IRQHandler
                0x0000000008001684                I2C1_EV_IRQHandler
                0x0000000008001684                DMAMUX1_OVR_IRQHandler
                0x0000000008001684                DMA1_Channel6_IRQHandler
                0x0000000008001684                RCC_IRQHandler
                0x0000000008001684                DMA1_Channel1_IRQHandler
                0x0000000008001684                Default_Handler
                0x0000000008001684                DMA2_Channel7_IRQHandler
                0x0000000008001684                EXTI15_10_IRQHandler
                0x0000000008001684                C2SEV_PWR_C2H_IRQHandler
                0x0000000008001684                AES2_IRQHandler
                0x0000000008001684                I2C3_EV_IRQHandler
                0x0000000008001684                EXTI9_5_IRQHandler
                0x0000000008001684                PVD_PVM_IRQHandler
                0x0000000008001684                SPI2_IRQHandler
                0x0000000008001684                DMA2_Channel5_IRQHandler
                0x0000000008001684                CRS_IRQHandler
                0x0000000008001684                DMA1_Channel5_IRQHandler
                0x0000000008001684                USB_LP_IRQHandler
                0x0000000008001684                EXTI4_IRQHandler
                0x0000000008001684                RNG_IRQHandler
                0x0000000008001684                TIM1_TRG_COM_TIM17_IRQHandler
                0x0000000008001684                TAMP_STAMP_LSECSS_IRQHandler
                0x0000000008001684                DMA1_Channel3_IRQHandler
                0x0000000008001684                COMP_IRQHandler
                0x0000000008001684                WWDG_IRQHandler
                0x0000000008001684                DMA2_Channel6_IRQHandler
                0x0000000008001684                TIM2_IRQHandler
                0x0000000008001684                TIM1_BRK_IRQHandler
                0x0000000008001684                EXTI1_IRQHandler
                0x0000000008001684                DMA1_Channel2_IRQHandler
                0x0000000008001684                FLASH_IRQHandler
                0x0000000008001684                I2C1_ER_IRQHandler
                0x0000000008001684                LPTIM1_IRQHandler
                0x0000000008001684                SAI1_IRQHandler
                0x0000000008001684                DMA2_Channel3_IRQHandler
 *fill*         0x0000000008001686        0x2 
 .text.HAL_InitTick
                0x0000000008001688       0x4c ./Drivers/STM32WBxx_HAL_Driver/Src/stm32wbxx_hal.o
                0x0000000008001688                HAL_InitTick
 .text.HAL_Init
                0x00000000080016d4       0x2c ./Drivers/STM32WBxx_HAL_Driver/Src/stm32wbxx_hal.o
                0x00000000080016d4                HAL_Init
 .text.HAL_IncTick
                0x0000000008001700       0x18 ./Drivers/STM32WBxx_HAL_Driver/Src/stm32wbxx_hal.o
                0x0000000008001700                HAL_IncTick
 .text.HAL_GetTick
                0x0000000008001718        0xc ./Drivers/STM32WBxx_HAL_Driver/Src/stm32wbxx_hal.o
                0x0000000008001718                HAL_GetTick
 .text.HAL_GetTickPrio
                0x0000000008001724        0xc ./Drivers/STM32WBxx_HAL_Driver/Src/stm32wbxx_hal.o
                0x0000000008001724                HAL_GetTickPrio
 .text.HAL_DBGMCU_EnableDBGSleepMode
                0x0000000008001730       0x10 ./Drivers/STM32WBxx_HAL_Driver/Src/stm32wbxx_hal.o
                0x0000000008001730                HAL_DBGMCU_EnableDBGSleepMode
 .text.HAL_DBGMCU_EnableDBGStopMode
                0x0000000008001740       0x10 ./Drivers/STM32WBxx_HAL_Driver/Src/stm32wbxx_hal.o
                0x0000000008001740                HAL_DBGMCU_EnableDBGStopMode
 .text.HAL_NVIC_SetPriorityGrouping
                0x0000000008001750       0x24 ./Drivers/STM32WBxx_HAL_Driver/Src/stm32wbxx_hal_cortex.o
                0x0000000008001750                HAL_NVIC_SetPriorityGrouping
 .text.HAL_NVIC_SetPriority
                0x0000000008001774       0x64 ./Drivers/STM32WBxx_HAL_Driver/Src/stm32wbxx_hal_cortex.o
                0x0000000008001774                HAL_NVIC_SetPriority
 .text.HAL_NVIC_EnableIRQ
                0x00000000080017d8       0x1c ./Drivers/STM32WBxx_HAL_Driver/Src/stm32wbxx_hal_cortex.o
                0x00000000080017d8                HAL_NVIC_EnableIRQ
 .text.HAL_NVIC_DisableIRQ
                0x00000000080017f4       0x24 ./Drivers/STM32WBxx_HAL_Driver/Src/stm32wbxx_hal_cortex.o
                0x00000000080017f4                HAL_NVIC_DisableIRQ
 .text.HAL_SYSTICK_Config
                0x0000000008001818       0x28 ./Drivers/STM32WBxx_HAL_Driver/Src/stm32wbxx_hal_cortex.o
                0x0000000008001818                HAL_SYSTICK_Config
 .text.HAL_NVIC_SetPendingIRQ
                0x0000000008001840       0x1c ./Drivers/STM32WBxx_HAL_Driver/Src/stm32wbxx_hal_cortex.o
                0x0000000008001840                HAL_NVIC_SetPendingIRQ
 .text.HAL_NVIC_ClearPendingIRQ
                0x000000000800185c       0x1c ./Drivers/STM32WBxx_HAL_Driver/Src/stm32wbxx_hal_cortex.o
                0x000000000800185c                HAL_NVIC_ClearPendingIRQ
 .text.DMA_SetConfig
                0x0000000008001878       0x34 ./Drivers/STM32WBxx_HAL_Driver/Src/stm32wbxx_hal_dma.o
 .text.DMA_CalcDMAMUXChannelBaseAndMask
                0x00000000080018ac       0x48 ./Drivers/STM32WBxx_HAL_Driver/Src/stm32wbxx_hal_dma.o
 .text.HAL_DMA_Init
                0x00000000080018f4       0xe4 ./Drivers/STM32WBxx_HAL_Driver/Src/stm32wbxx_hal_dma.o
                0x00000000080018f4                HAL_DMA_Init
 .text.HAL_DMA_Start_IT
                0x00000000080019d8       0x82 ./Drivers/STM32WBxx_HAL_Driver/Src/stm32wbxx_hal_dma.o
                0x00000000080019d8                HAL_DMA_Start_IT
 .text.HAL_DMA_Abort
                0x0000000008001a5a       0x6a ./Drivers/STM32WBxx_HAL_Driver/Src/stm32wbxx_hal_dma.o
                0x0000000008001a5a                HAL_DMA_Abort
 .text.HAL_DMA_Abort_IT
                0x0000000008001ac4       0x6e ./Drivers/STM32WBxx_HAL_Driver/Src/stm32wbxx_hal_dma.o
                0x0000000008001ac4                HAL_DMA_Abort_IT
 .text.HAL_DMA_IRQHandler
                0x0000000008001b32       0x94 ./Drivers/STM32WBxx_HAL_Driver/Src/stm32wbxx_hal_dma.o
                0x0000000008001b32                HAL_DMA_IRQHandler
 *fill*         0x0000000008001bc6        0x2 
 .text.HAL_DMAEx_ConfigMuxSync
                0x0000000008001bc8       0x50 ./Drivers/STM32WBxx_HAL_Driver/Src/stm32wbxx_hal_dma_ex.o
                0x0000000008001bc8                HAL_DMAEx_ConfigMuxSync
 .text.HAL_GPIO_Init
                0x0000000008001c18      0x16c ./Drivers/STM32WBxx_HAL_Driver/Src/stm32wbxx_hal_gpio.o
                0x0000000008001c18                HAL_GPIO_Init
 .text.HAL_GPIO_WritePin
                0x0000000008001d84        0xa ./Drivers/STM32WBxx_HAL_Driver/Src/stm32wbxx_hal_gpio.o
                0x0000000008001d84                HAL_GPIO_WritePin
 .text.HAL_HSEM_FreeCallback
                0x0000000008001d8e        0x2 ./Drivers/STM32WBxx_HAL_Driver/Src/stm32wbxx_hal_hsem.o
                0x0000000008001d8e                HAL_HSEM_FreeCallback
 .text.HAL_HSEM_IRQHandler
                0x0000000008001d90       0x1c ./Drivers/STM32WBxx_HAL_Driver/Src/stm32wbxx_hal_hsem.o
                0x0000000008001d90                HAL_HSEM_IRQHandler
 .text.HAL_IPCC_TxCallback
                0x0000000008001dac        0x2 ./Drivers/STM32WBxx_HAL_Driver/Src/stm32wbxx_hal_ipcc.o
                0x0000000008001dac                HAL_IPCC_TxCallback
 .text.HAL_IPCC_RxCallback
                0x0000000008001dae        0x2 ./Drivers/STM32WBxx_HAL_Driver/Src/stm32wbxx_hal_ipcc.o
                0x0000000008001dae                HAL_IPCC_RxCallback
 .text.IPCC_SetDefaultCallbacks
                0x0000000008001db0       0x1c ./Drivers/STM32WBxx_HAL_Driver/Src/stm32wbxx_hal_ipcc.o
                0x0000000008001db0                IPCC_SetDefaultCallbacks
 .text.HAL_IPCC_Init
                0x0000000008001dcc       0x44 ./Drivers/STM32WBxx_HAL_Driver/Src/stm32wbxx_hal_ipcc.o
                0x0000000008001dcc                HAL_IPCC_Init
 .text.HAL_PWR_EnableBkUpAccess
                0x0000000008001e10       0x10 ./Drivers/STM32WBxx_HAL_Driver/Src/stm32wbxx_hal_pwr.o
                0x0000000008001e10                HAL_PWR_EnableBkUpAccess
 .text.HAL_PWREx_GetVoltageRange
                0x0000000008001e20       0x10 ./Drivers/STM32WBxx_HAL_Driver/Src/stm32wbxx_hal_pwr_ex.o
                0x0000000008001e20                HAL_PWREx_GetVoltageRange
 .text.LL_RCC_LSI1_IsReady
                0x0000000008001e30        0xe ./Drivers/STM32WBxx_HAL_Driver/Src/stm32wbxx_hal_rcc.o
 .text.LL_RCC_MSI_IsReady
                0x0000000008001e3e        0xc ./Drivers/STM32WBxx_HAL_Driver/Src/stm32wbxx_hal_rcc.o
 .text.LL_RCC_MSI_SetRange
                0x0000000008001e4a       0x10 ./Drivers/STM32WBxx_HAL_Driver/Src/stm32wbxx_hal_rcc.o
 .text.LL_RCC_MSI_SetCalibTrimming
                0x0000000008001e5a       0x12 ./Drivers/STM32WBxx_HAL_Driver/Src/stm32wbxx_hal_rcc.o
 .text.RCC_SetFlashLatencyFromMSIRange
                0x0000000008001e6c       0xe8 ./Drivers/STM32WBxx_HAL_Driver/Src/stm32wbxx_hal_rcc.o
 .text.HAL_RCC_GetSysClockFreq
                0x0000000008001f54       0xa4 ./Drivers/STM32WBxx_HAL_Driver/Src/stm32wbxx_hal_rcc.o
                0x0000000008001f54                HAL_RCC_GetSysClockFreq
 .text.HAL_RCC_GetHCLKFreq
                0x0000000008001ff8       0x20 ./Drivers/STM32WBxx_HAL_Driver/Src/stm32wbxx_hal_rcc.o
                0x0000000008001ff8                HAL_RCC_GetHCLKFreq
 .text.HAL_RCC_OscConfig
                0x0000000008002018      0x594 ./Drivers/STM32WBxx_HAL_Driver/Src/stm32wbxx_hal_rcc.o
                0x0000000008002018                HAL_RCC_OscConfig
 .text.HAL_RCC_ClockConfig
                0x00000000080025ac      0x1fc ./Drivers/STM32WBxx_HAL_Driver/Src/stm32wbxx_hal_rcc.o
                0x00000000080025ac                HAL_RCC_ClockConfig
 .text.HAL_RCC_GetPCLK1Freq
                0x00000000080027a8       0x24 ./Drivers/STM32WBxx_HAL_Driver/Src/stm32wbxx_hal_rcc.o
                0x00000000080027a8                HAL_RCC_GetPCLK1Freq
 .text.HAL_RCC_GetPCLK2Freq
                0x00000000080027cc       0x24 ./Drivers/STM32WBxx_HAL_Driver/Src/stm32wbxx_hal_rcc.o
                0x00000000080027cc                HAL_RCC_GetPCLK2Freq
 .text.LL_RCC_LSE_IsReady
                0x00000000080027f0        0xe ./Drivers/STM32WBxx_HAL_Driver/Src/stm32wbxx_hal_rcc_ex.o
 .text.LL_RCC_SetI2CClockSource
                0x00000000080027fe       0x20 ./Drivers/STM32WBxx_HAL_Driver/Src/stm32wbxx_hal_rcc_ex.o
 .text.LL_RCC_PLLSAI1_Enable
                0x000000000800281e        0xe ./Drivers/STM32WBxx_HAL_Driver/Src/stm32wbxx_hal_rcc_ex.o
 .text.LL_RCC_PLLSAI1_Disable
                0x000000000800282c        0xe ./Drivers/STM32WBxx_HAL_Driver/Src/stm32wbxx_hal_rcc_ex.o
 .text.LL_RCC_PLLSAI1_IsReady
                0x000000000800283a        0xc ./Drivers/STM32WBxx_HAL_Driver/Src/stm32wbxx_hal_rcc_ex.o
 .text.HAL_RCCEx_PeriphCLKConfig
                0x0000000008002846      0x386 ./Drivers/STM32WBxx_HAL_Driver/Src/stm32wbxx_hal_rcc_ex.o
                0x0000000008002846                HAL_RCCEx_PeriphCLKConfig
 .text.HAL_RTC_WaitForSynchro
                0x0000000008002bcc       0x30 ./Drivers/STM32WBxx_HAL_Driver/Src/stm32wbxx_hal_rtc.o
                0x0000000008002bcc                HAL_RTC_WaitForSynchro
 .text.RTC_EnterInitMode
                0x0000000008002bfc       0x34 ./Drivers/STM32WBxx_HAL_Driver/Src/stm32wbxx_hal_rtc.o
                0x0000000008002bfc                RTC_EnterInitMode
 .text.HAL_RTC_Init
                0x0000000008002c30       0xc4 ./Drivers/STM32WBxx_HAL_Driver/Src/stm32wbxx_hal_rtc.o
                0x0000000008002c30                HAL_RTC_Init
 .text.HAL_RTCEx_SetWakeUpTimer_IT
                0x0000000008002cf4       0xf0 ./Drivers/STM32WBxx_HAL_Driver/Src/stm32wbxx_hal_rtc_ex.o
                0x0000000008002cf4                HAL_RTCEx_SetWakeUpTimer_IT
 .text.UART_EndTxTransfer
                0x0000000008002de4       0x34 ./Drivers/STM32WBxx_HAL_Driver/Src/stm32wbxx_hal_uart.o
 .text.UART_EndRxTransfer
                0x0000000008002e18       0x58 ./Drivers/STM32WBxx_HAL_Driver/Src/stm32wbxx_hal_uart.o
 .text.HAL_UART_Transmit_DMA
                0x0000000008002e70       0x84 ./Drivers/STM32WBxx_HAL_Driver/Src/stm32wbxx_hal_uart.o
                0x0000000008002e70                HAL_UART_Transmit_DMA
 .text.UART_DMATransmitCplt
                0x0000000008002ef4       0x46 ./Drivers/STM32WBxx_HAL_Driver/Src/stm32wbxx_hal_uart.o
 .text.HAL_UART_TxHalfCpltCallback
                0x0000000008002f3a        0x2 ./Drivers/STM32WBxx_HAL_Driver/Src/stm32wbxx_hal_uart.o
                0x0000000008002f3a                HAL_UART_TxHalfCpltCallback
 .text.UART_DMATxHalfCplt
                0x0000000008002f3c        0xa ./Drivers/STM32WBxx_HAL_Driver/Src/stm32wbxx_hal_uart.o
 .text.HAL_UART_ErrorCallback
                0x0000000008002f46        0x2 ./Drivers/STM32WBxx_HAL_Driver/Src/stm32wbxx_hal_uart.o
                0x0000000008002f46                HAL_UART_ErrorCallback
 .text.UART_DMAError
                0x0000000008002f48       0x48 ./Drivers/STM32WBxx_HAL_Driver/Src/stm32wbxx_hal_uart.o
 .text.UART_DMAAbortOnError
                0x0000000008002f90       0x14 ./Drivers/STM32WBxx_HAL_Driver/Src/stm32wbxx_hal_uart.o
 .text.HAL_UARTEx_RxEventCallback
                0x0000000008002fa4        0x2 ./Drivers/STM32WBxx_HAL_Driver/Src/stm32wbxx_hal_uart.o
                0x0000000008002fa4                HAL_UARTEx_RxEventCallback
 *fill*         0x0000000008002fa6        0x2 
 .text.HAL_UART_IRQHandler
                0x0000000008002fa8      0x2f8 ./Drivers/STM32WBxx_HAL_Driver/Src/stm32wbxx_hal_uart.o
                0x0000000008002fa8                HAL_UART_IRQHandler
 .text.UART_SetConfig
                0x00000000080032a0      0x1f4 ./Drivers/STM32WBxx_HAL_Driver/Src/stm32wbxx_hal_uart.o
                0x00000000080032a0                UART_SetConfig
 .text.UART_AdvFeatureConfig
                0x0000000008003494       0xa8 ./Drivers/STM32WBxx_HAL_Driver/Src/stm32wbxx_hal_uart.o
                0x0000000008003494                UART_AdvFeatureConfig
 .text.UART_WaitOnFlagUntilTimeout
                0x000000000800353c       0x90 ./Drivers/STM32WBxx_HAL_Driver/Src/stm32wbxx_hal_uart.o
                0x000000000800353c                UART_WaitOnFlagUntilTimeout
 .text.UART_CheckIdleState
                0x00000000080035cc       0xb8 ./Drivers/STM32WBxx_HAL_Driver/Src/stm32wbxx_hal_uart.o
                0x00000000080035cc                UART_CheckIdleState
 .text.HAL_UART_Init
                0x0000000008003684       0x60 ./Drivers/STM32WBxx_HAL_Driver/Src/stm32wbxx_hal_uart.o
                0x0000000008003684                HAL_UART_Init
 .text.UARTEx_SetNbDataToProcess
                0x00000000080036e4       0x44 ./Drivers/STM32WBxx_HAL_Driver/Src/stm32wbxx_hal_uart_ex.o
 .text.HAL_UARTEx_WakeupCallback
                0x0000000008003728        0x2 ./Drivers/STM32WBxx_HAL_Driver/Src/stm32wbxx_hal_uart_ex.o
                0x0000000008003728                HAL_UARTEx_WakeupCallback
 .text.HAL_UARTEx_RxFifoFullCallback
                0x000000000800372a        0x2 ./Drivers/STM32WBxx_HAL_Driver/Src/stm32wbxx_hal_uart_ex.o
                0x000000000800372a                HAL_UARTEx_RxFifoFullCallback
 .text.HAL_UARTEx_TxFifoEmptyCallback
                0x000000000800372c        0x2 ./Drivers/STM32WBxx_HAL_Driver/Src/stm32wbxx_hal_uart_ex.o
                0x000000000800372c                HAL_UARTEx_TxFifoEmptyCallback
 .text.HAL_UARTEx_DisableFifoMode
                0x000000000800372e       0x36 ./Drivers/STM32WBxx_HAL_Driver/Src/stm32wbxx_hal_uart_ex.o
                0x000000000800372e                HAL_UARTEx_DisableFifoMode
 .text.HAL_UARTEx_SetTxFifoThreshold
                0x0000000008003764       0x40 ./Drivers/STM32WBxx_HAL_Driver/Src/stm32wbxx_hal_uart_ex.o
                0x0000000008003764                HAL_UARTEx_SetTxFifoThreshold
 .text.HAL_UARTEx_SetRxFifoThreshold
                0x00000000080037a4       0x40 ./Drivers/STM32WBxx_HAL_Driver/Src/stm32wbxx_hal_uart_ex.o
                0x00000000080037a4                HAL_UARTEx_SetRxFifoThreshold
 .text.aci_gap_set_non_discoverable
                0x00000000080037e4       0x3c ./Middlewares/ST/STM32_WPAN/ble/core/auto/ble_gap_aci.o
                0x00000000080037e4                aci_gap_set_non_discoverable
 .text.aci_gap_set_discoverable
                0x0000000008003820       0xb0 ./Middlewares/ST/STM32_WPAN/ble/core/auto/ble_gap_aci.o
                0x0000000008003820                aci_gap_set_discoverable
 .text.aci_gap_init
                0x00000000080038d0       0x84 ./Middlewares/ST/STM32_WPAN/ble/core/auto/ble_gap_aci.o
                0x00000000080038d0                aci_gap_init
 .text.aci_gap_update_adv_data
                0x0000000008003954       0x54 ./Middlewares/ST/STM32_WPAN/ble/core/auto/ble_gap_aci.o
                0x0000000008003954                aci_gap_update_adv_data
 .text.aci_gatt_init
                0x00000000080039a8       0x3c ./Middlewares/ST/STM32_WPAN/ble/core/auto/ble_gatt_aci.o
                0x00000000080039a8                aci_gatt_init
 .text.aci_gatt_update_char_value
                0x00000000080039e4       0x64 ./Middlewares/ST/STM32_WPAN/ble/core/auto/ble_gatt_aci.o
                0x00000000080039e4                aci_gatt_update_char_value
 .text.aci_hal_write_config_data
                0x0000000008003a48       0x5c ./Middlewares/ST/STM32_WPAN/ble/core/auto/ble_hal_aci.o
                0x0000000008003a48                aci_hal_write_config_data
 .text.aci_hal_set_tx_power_level
                0x0000000008003aa4       0x4c ./Middlewares/ST/STM32_WPAN/ble/core/auto/ble_hal_aci.o
                0x0000000008003aa4                aci_hal_set_tx_power_level
 .text.hci_reset
                0x0000000008003af0       0x3a ./Middlewares/ST/STM32_WPAN/ble/core/auto/ble_hci_le.o
                0x0000000008003af0                hci_reset
 *fill*         0x0000000008003b2a        0x2 
 .text.hci_read_bd_addr
                0x0000000008003b2c       0x54 ./Middlewares/ST/STM32_WPAN/ble/core/auto/ble_hci_le.o
                0x0000000008003b2c                hci_read_bd_addr
 .text.hci_le_set_scan_response_data
                0x0000000008003b80       0x54 ./Middlewares/ST/STM32_WPAN/ble/core/auto/ble_hci_le.o
                0x0000000008003b80                hci_le_set_scan_response_data
 .text.Osal_MemCpy
                0x0000000008003bd4        0x4 ./Middlewares/ST/STM32_WPAN/ble/core/template/osal.o
                0x0000000008003bd4                Osal_MemCpy
 .text.Osal_MemSet
                0x0000000008003bd8        0x4 ./Middlewares/ST/STM32_WPAN/ble/core/template/osal.o
                0x0000000008003bd8                Osal_MemSet
 .text.BAS_Init
                0x0000000008003bdc        0x2 ./Middlewares/ST/STM32_WPAN/ble/svc/Src/svc_ctl.o
                0x0000000008003bdc                BAS_Init
 .text.BLS_Init
                0x0000000008003bde        0x2 ./Middlewares/ST/STM32_WPAN/ble/svc/Src/svc_ctl.o
                0x0000000008003bde                BLS_Init
 .text.CRS_STM_Init
                0x0000000008003be0        0x2 ./Middlewares/ST/STM32_WPAN/ble/svc/Src/svc_ctl.o
                0x0000000008003be0                CRS_STM_Init
 .text.DIS_Init
                0x0000000008003be2        0x2 ./Middlewares/ST/STM32_WPAN/ble/svc/Src/svc_ctl.o
                0x0000000008003be2                DIS_Init
 .text.EDS_STM_Init
                0x0000000008003be4        0x2 ./Middlewares/ST/STM32_WPAN/ble/svc/Src/svc_ctl.o
                0x0000000008003be4                EDS_STM_Init
 .text.HIDS_Init
                0x0000000008003be6        0x2 ./Middlewares/ST/STM32_WPAN/ble/svc/Src/svc_ctl.o
                0x0000000008003be6                HIDS_Init
 .text.HRS_Init
                0x0000000008003be8        0x2 ./Middlewares/ST/STM32_WPAN/ble/svc/Src/svc_ctl.o
                0x0000000008003be8                HRS_Init
 .text.HTS_Init
                0x0000000008003bea        0x2 ./Middlewares/ST/STM32_WPAN/ble/svc/Src/svc_ctl.o
                0x0000000008003bea                HTS_Init
 .text.IAS_Init
                0x0000000008003bec        0x2 ./Middlewares/ST/STM32_WPAN/ble/svc/Src/svc_ctl.o
                0x0000000008003bec                IAS_Init
 .text.LLS_Init
                0x0000000008003bee        0x2 ./Middlewares/ST/STM32_WPAN/ble/svc/Src/svc_ctl.o
                0x0000000008003bee                LLS_Init
 .text.TPS_Init
                0x0000000008003bf0        0x2 ./Middlewares/ST/STM32_WPAN/ble/svc/Src/svc_ctl.o
                0x0000000008003bf0                TPS_Init
 .text.MOTENV_STM_Init
                0x0000000008003bf2        0x2 ./Middlewares/ST/STM32_WPAN/ble/svc/Src/svc_ctl.o
                0x0000000008003bf2                MOTENV_STM_Init
 .text.P2PS_STM_Init
                0x0000000008003bf4        0x2 ./Middlewares/ST/STM32_WPAN/ble/svc/Src/svc_ctl.o
                0x0000000008003bf4                P2PS_STM_Init
 .text.ZDD_STM_Init
                0x0000000008003bf6        0x2 ./Middlewares/ST/STM32_WPAN/ble/svc/Src/svc_ctl.o
                0x0000000008003bf6                ZDD_STM_Init
 .text.OTAS_STM_Init
                0x0000000008003bf8        0x2 ./Middlewares/ST/STM32_WPAN/ble/svc/Src/svc_ctl.o
                0x0000000008003bf8                OTAS_STM_Init
 .text.MESH_Init
                0x0000000008003bfa        0x2 ./Middlewares/ST/STM32_WPAN/ble/svc/Src/svc_ctl.o
                0x0000000008003bfa                MESH_Init
 .text.BVOPUS_STM_Init
                0x0000000008003bfc        0x2 ./Middlewares/ST/STM32_WPAN/ble/svc/Src/svc_ctl.o
                0x0000000008003bfc                BVOPUS_STM_Init
 .text.SVCCTL_InitCustomSvc
                0x0000000008003bfe        0x2 ./Middlewares/ST/STM32_WPAN/ble/svc/Src/svc_ctl.o
                0x0000000008003bfe                SVCCTL_InitCustomSvc
 .text.SVCCTL_SvcInit
                0x0000000008003c00       0x4c ./Middlewares/ST/STM32_WPAN/ble/svc/Src/svc_ctl.o
                0x0000000008003c00                SVCCTL_SvcInit
 .text.SVCCTL_Init
                0x0000000008003c4c       0x18 ./Middlewares/ST/STM32_WPAN/ble/svc/Src/svc_ctl.o
                0x0000000008003c4c                SVCCTL_Init
 .text.SVCCTL_UserEvtRx
                0x0000000008003c64       0x48 ./Middlewares/ST/STM32_WPAN/ble/svc/Src/svc_ctl.o
                0x0000000008003c64                SVCCTL_UserEvtRx
 .text.SHCI_C2_BLE_Init
                0x0000000008003cac       0x1c ./Middlewares/ST/STM32_WPAN/interface/patterns/ble_thread/shci/shci.o
                0x0000000008003cac                SHCI_C2_BLE_Init
 .text.SHCI_C2_DEBUG_Init
                0x0000000008003cc8       0x1c ./Middlewares/ST/STM32_WPAN/interface/patterns/ble_thread/shci/shci.o
                0x0000000008003cc8                SHCI_C2_DEBUG_Init
 .text.SHCI_C2_Config
                0x0000000008003ce4       0x1a ./Middlewares/ST/STM32_WPAN/interface/patterns/ble_thread/shci/shci.o
                0x0000000008003ce4                SHCI_C2_Config
 *fill*         0x0000000008003cfe        0x2 
 .text.SHCI_GetWirelessFwInfo
                0x0000000008003d00       0x80 ./Middlewares/ST/STM32_WPAN/interface/patterns/ble_thread/shci/shci.o
                0x0000000008003d00                SHCI_GetWirelessFwInfo
 .text.hci_init
                0x0000000008003d80       0x54 ./Middlewares/ST/STM32_WPAN/interface/patterns/ble_thread/tl/hci_tl.o
                0x0000000008003d80                hci_init
 .text.hci_user_evt_proc
                0x0000000008003dd4       0x6c ./Middlewares/ST/STM32_WPAN/interface/patterns/ble_thread/tl/hci_tl.o
                0x0000000008003dd4                hci_user_evt_proc
 .text.hci_send_req
                0x0000000008003e40       0xd4 ./Middlewares/ST/STM32_WPAN/interface/patterns/ble_thread/tl/hci_tl.o
                0x0000000008003e40                hci_send_req
 .text.TlEvtReceived
                0x0000000008003f14       0x34 ./Middlewares/ST/STM32_WPAN/interface/patterns/ble_thread/tl/hci_tl.o
 .text.hci_register_io_bus
                0x0000000008003f48       0x14 ./Middlewares/ST/STM32_WPAN/interface/patterns/ble_thread/tl/hci_tl_if.o
                0x0000000008003f48                hci_register_io_bus
 .text.TlUserEvtReceived
                0x0000000008003f5c       0x18 ./Middlewares/ST/STM32_WPAN/interface/patterns/ble_thread/tl/shci_tl.o
 .text.Cmd_SetStatus.constprop.0
                0x0000000008003f74       0x18 ./Middlewares/ST/STM32_WPAN/interface/patterns/ble_thread/tl/shci_tl.o
 .text.shci_init
                0x0000000008003f8c       0x54 ./Middlewares/ST/STM32_WPAN/interface/patterns/ble_thread/tl/shci_tl.o
                0x0000000008003f8c                shci_init
 .text.shci_user_evt_proc
                0x0000000008003fe0       0x68 ./Middlewares/ST/STM32_WPAN/interface/patterns/ble_thread/tl/shci_tl.o
                0x0000000008003fe0                shci_user_evt_proc
 .text.shci_send
                0x0000000008004048       0x74 ./Middlewares/ST/STM32_WPAN/interface/patterns/ble_thread/tl/shci_tl.o
                0x0000000008004048                shci_send
 .text.TlCmdEvtReceived
                0x00000000080040bc        0xa ./Middlewares/ST/STM32_WPAN/interface/patterns/ble_thread/tl/shci_tl.o
 *fill*         0x00000000080040c6        0x2 
 .text.shci_register_io_bus
                0x00000000080040c8       0x14 ./Middlewares/ST/STM32_WPAN/interface/patterns/ble_thread/tl/shci_tl_if.o
                0x00000000080040c8                shci_register_io_bus
 .text.SendFreeBuf
                0x00000000080040dc       0x30 ./Middlewares/ST/STM32_WPAN/interface/patterns/ble_thread/tl/tl_mbox.o
 .text.TL_Enable
                0x000000000800410c        0x4 ./Middlewares/ST/STM32_WPAN/interface/patterns/ble_thread/tl/tl_mbox.o
                0x000000000800410c                TL_Enable
 .text.TL_Init  0x0000000008004110       0x48 ./Middlewares/ST/STM32_WPAN/interface/patterns/ble_thread/tl/tl_mbox.o
                0x0000000008004110                TL_Init
 .text.TL_BLE_Init
                0x0000000008004158       0x48 ./Middlewares/ST/STM32_WPAN/interface/patterns/ble_thread/tl/tl_mbox.o
                0x0000000008004158                TL_BLE_Init
 .text.TL_BLE_SendCmd
                0x00000000080041a0       0x1c ./Middlewares/ST/STM32_WPAN/interface/patterns/ble_thread/tl/tl_mbox.o
                0x00000000080041a0                TL_BLE_SendCmd
 .text.HW_IPCC_BLE_RxEvtNot
                0x00000000080041bc       0x2c ./Middlewares/ST/STM32_WPAN/interface/patterns/ble_thread/tl/tl_mbox.o
                0x00000000080041bc                HW_IPCC_BLE_RxEvtNot
 .text.HW_IPCC_BLE_AclDataAckNot
                0x00000000080041e8        0xc ./Middlewares/ST/STM32_WPAN/interface/patterns/ble_thread/tl/tl_mbox.o
                0x00000000080041e8                HW_IPCC_BLE_AclDataAckNot
 .text.TL_SYS_Init
                0x00000000080041f4       0x3c ./Middlewares/ST/STM32_WPAN/interface/patterns/ble_thread/tl/tl_mbox.o
                0x00000000080041f4                TL_SYS_Init
 .text.TL_SYS_SendCmd
                0x0000000008004230       0x1c ./Middlewares/ST/STM32_WPAN/interface/patterns/ble_thread/tl/tl_mbox.o
                0x0000000008004230                TL_SYS_SendCmd
 .text.HW_IPCC_SYS_CmdEvtNot
                0x000000000800424c       0x18 ./Middlewares/ST/STM32_WPAN/interface/patterns/ble_thread/tl/tl_mbox.o
                0x000000000800424c                HW_IPCC_SYS_CmdEvtNot
 .text.HW_IPCC_SYS_EvtNot
                0x0000000008004264       0x2c ./Middlewares/ST/STM32_WPAN/interface/patterns/ble_thread/tl/tl_mbox.o
                0x0000000008004264                HW_IPCC_SYS_EvtNot
 .text.TL_MM_Init
                0x0000000008004290       0x40 ./Middlewares/ST/STM32_WPAN/interface/patterns/ble_thread/tl/tl_mbox.o
                0x0000000008004290                TL_MM_Init
 .text.TL_MM_EvtDone
                0x00000000080042d0       0x1c ./Middlewares/ST/STM32_WPAN/interface/patterns/ble_thread/tl/tl_mbox.o
                0x00000000080042d0                TL_MM_EvtDone
 .text.TL_TRACES_Init
                0x00000000080042ec       0x20 ./Middlewares/ST/STM32_WPAN/interface/patterns/ble_thread/tl/tl_mbox.o
                0x00000000080042ec                TL_TRACES_Init
 .text.TL_TRACES_EvtReceived
                0x000000000800430c        0x2 ./Middlewares/ST/STM32_WPAN/interface/patterns/ble_thread/tl/tl_mbox.o
                0x000000000800430c                TL_TRACES_EvtReceived
 *fill*         0x000000000800430e        0x2 
 .text.HW_IPCC_TRACES_EvtNot
                0x0000000008004310       0x24 ./Middlewares/ST/STM32_WPAN/interface/patterns/ble_thread/tl/tl_mbox.o
                0x0000000008004310                HW_IPCC_TRACES_EvtNot
 .text.DbgTrace_TxCpltCallback
                0x0000000008004334       0x48 ./Middlewares/ST/STM32_WPAN/utilities/dbg_trace.o
 .text.DbgTraceInit
                0x000000000800437c       0x28 ./Middlewares/ST/STM32_WPAN/utilities/dbg_trace.o
                0x000000000800437c                DbgTraceInit
 .text.DbgTraceWrite
                0x00000000080043a4       0x5c ./Middlewares/ST/STM32_WPAN/utilities/dbg_trace.o
                0x00000000080043a4                DbgTraceWrite
 .text._write   0x0000000008004400        0x4 ./Middlewares/ST/STM32_WPAN/utilities/dbg_trace.o
                0x0000000008004400                _write
 .text.OTP_Read
                0x0000000008004404       0x20 ./Middlewares/ST/STM32_WPAN/utilities/otp.o
                0x0000000008004404                OTP_Read
 .text.LST_init_head
                0x0000000008004424        0x6 ./Middlewares/ST/STM32_WPAN/utilities/stm_list.o
                0x0000000008004424                LST_init_head
 .text.LST_is_empty
                0x000000000800442a       0x14 ./Middlewares/ST/STM32_WPAN/utilities/stm_list.o
                0x000000000800442a                LST_is_empty
 .text.LST_insert_head
                0x000000000800443e       0x18 ./Middlewares/ST/STM32_WPAN/utilities/stm_list.o
                0x000000000800443e                LST_insert_head
 .text.LST_insert_tail
                0x0000000008004456       0x18 ./Middlewares/ST/STM32_WPAN/utilities/stm_list.o
                0x0000000008004456                LST_insert_tail
 .text.LST_remove_node
                0x000000000800446e       0x16 ./Middlewares/ST/STM32_WPAN/utilities/stm_list.o
                0x000000000800446e                LST_remove_node
 .text.LST_remove_head
                0x0000000008004484       0x18 ./Middlewares/ST/STM32_WPAN/utilities/stm_list.o
                0x0000000008004484                LST_remove_head
 .text.CircularQueue_Init
                0x000000000800449c       0x28 ./Middlewares/ST/STM32_WPAN/utilities/stm_queue.o
                0x000000000800449c                CircularQueue_Init
 .text.CircularQueue_Add
                0x00000000080044c4      0x20e ./Middlewares/ST/STM32_WPAN/utilities/stm_queue.o
                0x00000000080044c4                CircularQueue_Add
 .text.CircularQueue_Remove
                0x00000000080046d2       0xb4 ./Middlewares/ST/STM32_WPAN/utilities/stm_queue.o
                0x00000000080046d2                CircularQueue_Remove
 .text.CircularQueue_Sense
                0x0000000008004786       0x8c ./Middlewares/ST/STM32_WPAN/utilities/stm_queue.o
                0x0000000008004786                CircularQueue_Sense
 *fill*         0x0000000008004812        0x2 
 .text.Beacon_Update
                0x0000000008004814       0x30 ./STM32_WPAN/App/app_ble.o
 .text.BLE_UserEvtRx
                0x0000000008004844       0x16 ./STM32_WPAN/App/app_ble.o
 .text.BLE_StatusNot
                0x000000000800485a       0x14 ./STM32_WPAN/App/app_ble.o
 *fill*         0x000000000800486e        0x2 
 .text.APP_BLE_Init
                0x0000000008004870      0x27c ./STM32_WPAN/App/app_ble.o
                0x0000000008004870                APP_BLE_Init
 .text.SVCCTL_App_Notification
                0x0000000008004aec        0x4 ./STM32_WPAN/App/app_ble.o
                0x0000000008004aec                SVCCTL_App_Notification
 .text.hci_notify_asynch_evt
                0x0000000008004af0        0x8 ./STM32_WPAN/App/app_ble.o
                0x0000000008004af0                hci_notify_asynch_evt
 .text.hci_cmd_resp_release
                0x0000000008004af8        0x6 ./STM32_WPAN/App/app_ble.o
                0x0000000008004af8                hci_cmd_resp_release
 .text.hci_cmd_resp_wait
                0x0000000008004afe        0x6 ./STM32_WPAN/App/app_ble.o
                0x0000000008004afe                hci_cmd_resp_wait
 .text.HW_IPCC_Enable
                0x0000000008004b04       0x50 ./STM32_WPAN/Target/hw_ipcc.o
                0x0000000008004b04                HW_IPCC_Enable
 .text.HW_IPCC_Init
                0x0000000008004b54       0x40 ./STM32_WPAN/Target/hw_ipcc.o
                0x0000000008004b54                HW_IPCC_Init
 .text.HW_IPCC_BLE_Init
                0x0000000008004b94       0x10 ./STM32_WPAN/Target/hw_ipcc.o
                0x0000000008004b94                HW_IPCC_BLE_Init
 .text.HW_IPCC_BLE_SendCmd
                0x0000000008004ba4       0x10 ./STM32_WPAN/Target/hw_ipcc.o
                0x0000000008004ba4                HW_IPCC_BLE_SendCmd
 .text.HW_IPCC_SYS_Init
                0x0000000008004bb4       0x10 ./STM32_WPAN/Target/hw_ipcc.o
                0x0000000008004bb4                HW_IPCC_SYS_Init
 .text.HW_IPCC_SYS_SendCmd
                0x0000000008004bc4       0x18 ./STM32_WPAN/Target/hw_ipcc.o
                0x0000000008004bc4                HW_IPCC_SYS_SendCmd
 .text.HW_IPCC_Tx_Handler
                0x0000000008004bdc       0x64 ./STM32_WPAN/Target/hw_ipcc.o
                0x0000000008004bdc                HW_IPCC_Tx_Handler
 .text.HW_IPCC_MM_SendFreeBuf
                0x0000000008004c40       0x2c ./STM32_WPAN/Target/hw_ipcc.o
                0x0000000008004c40                HW_IPCC_MM_SendFreeBuf
 .text.HW_IPCC_TRACES_Init
                0x0000000008004c6c       0x10 ./STM32_WPAN/Target/hw_ipcc.o
                0x0000000008004c6c                HW_IPCC_TRACES_Init
 .text.HW_IPCC_Rx_Handler
                0x0000000008004c7c       0x48 ./STM32_WPAN/Target/hw_ipcc.o
                0x0000000008004c7c                HW_IPCC_Rx_Handler
 .text.BLE_GetMacAddressForLocalName
                0x0000000008004cc4       0x40 ./User/BLE/ble_advertising.o
                0x0000000008004cc4                BLE_GetMacAddressForLocalName
 .text.BLE_SetPachaBleID
                0x0000000008004d04       0x5c ./User/BLE/ble_advertising.o
                0x0000000008004d04                BLE_SetPachaBleID
 .text.BLE_Adv_Init.constprop.0.isra.0
                0x0000000008004d60       0xa8 ./User/BLE/ble_advertising.o
 .text.BLE_Adv_Process
                0x0000000008004e08       0x54 ./User/BLE/ble_advertising.o
                0x0000000008004e08                BLE_Adv_Process
 .text.BLE_Adv  0x0000000008004e5c       0x48 ./User/BLE/ble_advertising.o
 .text.UTIL_LPM_Init
                0x0000000008004ea4       0x14 ./Utilities/lpm/tiny_lpm/stm32_lpm.o
                0x0000000008004ea4                UTIL_LPM_Init
 .text.UTIL_LPM_SetOffMode
                0x0000000008004eb8       0x2c ./Utilities/lpm/tiny_lpm/stm32_lpm.o
                0x0000000008004eb8                UTIL_LPM_SetOffMode
 .text.UTIL_SEQ_SetTask
                0x0000000008004ee4       0x2c ./Utilities/sequencer/stm32_seq.o
                0x0000000008004ee4                UTIL_SEQ_SetTask
 .text.UTIL_SEQ_PauseTask
                0x0000000008004f10       0x1c ./Utilities/sequencer/stm32_seq.o
                0x0000000008004f10                UTIL_SEQ_PauseTask
 .text.UTIL_SEQ_ResumeTask
                0x0000000008004f2c       0x18 ./Utilities/sequencer/stm32_seq.o
                0x0000000008004f2c                UTIL_SEQ_ResumeTask
 .text.UTIL_SEQ_SetEvt
                0x0000000008004f44       0x18 ./Utilities/sequencer/stm32_seq.o
                0x0000000008004f44                UTIL_SEQ_SetEvt
 .text.UTIL_SEQ_PreIdle
                0x0000000008004f5c        0x2 ./Utilities/sequencer/stm32_seq.o
                0x0000000008004f5c                UTIL_SEQ_PreIdle
 .text.UTIL_SEQ_PostIdle
                0x0000000008004f5e        0x2 ./Utilities/sequencer/stm32_seq.o
                0x0000000008004f5e                UTIL_SEQ_PostIdle
 .text.SEQ_BitPosition
                0x0000000008004f60       0x40 ./Utilities/sequencer/stm32_seq.o
                0x0000000008004f60                SEQ_BitPosition
 .text.UTIL_SEQ_Run
                0x0000000008004fa0      0x124 ./Utilities/sequencer/stm32_seq.o
                0x0000000008004fa0                UTIL_SEQ_Run
 .text.UTIL_SEQ_WaitEvt
                0x00000000080050c4       0x64 ./Utilities/sequencer/stm32_seq.o
                0x00000000080050c4                UTIL_SEQ_WaitEvt
 .text.UTIL_SEQ_RegTask
                0x0000000008005128       0x20 ./Utilities/sequencer/stm32_seq.o
                0x0000000008005128                UTIL_SEQ_RegTask
 .text.std      0x0000000008005148       0x6c C:/ST/STM32CubeIDE_1.14.0/STM32CubeIDE/plugins/com.st.stm32cube.ide.mcu.externaltools.gnu-tools-for-stm32.11.3.rel1.win32_1.1.100.202309141235/tools/bin/../lib/gcc/arm-none-eabi/11.3.1/../../../../arm-none-eabi/lib/thumb/v7e-m+fp/hard\libc_nano.a(libc_a-findfp.o)
 .text.stdio_exit_handler
                0x00000000080051b4       0x18 C:/ST/STM32CubeIDE_1.14.0/STM32CubeIDE/plugins/com.st.stm32cube.ide.mcu.externaltools.gnu-tools-for-stm32.11.3.rel1.win32_1.1.100.202309141235/tools/bin/../lib/gcc/arm-none-eabi/11.3.1/../../../../arm-none-eabi/lib/thumb/v7e-m+fp/hard\libc_nano.a(libc_a-findfp.o)
 .text.cleanup_stdio
                0x00000000080051cc       0x40 C:/ST/STM32CubeIDE_1.14.0/STM32CubeIDE/plugins/com.st.stm32cube.ide.mcu.externaltools.gnu-tools-for-stm32.11.3.rel1.win32_1.1.100.202309141235/tools/bin/../lib/gcc/arm-none-eabi/11.3.1/../../../../arm-none-eabi/lib/thumb/v7e-m+fp/hard\libc_nano.a(libc_a-findfp.o)
 .text.global_stdio_init.part.0
                0x000000000800520c       0x3c C:/ST/STM32CubeIDE_1.14.0/STM32CubeIDE/plugins/com.st.stm32cube.ide.mcu.externaltools.gnu-tools-for-stm32.11.3.rel1.win32_1.1.100.202309141235/tools/bin/../lib/gcc/arm-none-eabi/11.3.1/../../../../arm-none-eabi/lib/thumb/v7e-m+fp/hard\libc_nano.a(libc_a-findfp.o)
 .text.__sfp_lock_acquire
                0x0000000008005248        0xc C:/ST/STM32CubeIDE_1.14.0/STM32CubeIDE/plugins/com.st.stm32cube.ide.mcu.externaltools.gnu-tools-for-stm32.11.3.rel1.win32_1.1.100.202309141235/tools/bin/../lib/gcc/arm-none-eabi/11.3.1/../../../../arm-none-eabi/lib/thumb/v7e-m+fp/hard\libc_nano.a(libc_a-findfp.o)
                0x0000000008005248                __sfp_lock_acquire
 .text.__sfp_lock_release
                0x0000000008005254        0xc C:/ST/STM32CubeIDE_1.14.0/STM32CubeIDE/plugins/com.st.stm32cube.ide.mcu.externaltools.gnu-tools-for-stm32.11.3.rel1.win32_1.1.100.202309141235/tools/bin/../lib/gcc/arm-none-eabi/11.3.1/../../../../arm-none-eabi/lib/thumb/v7e-m+fp/hard\libc_nano.a(libc_a-findfp.o)
                0x0000000008005254                __sfp_lock_release
 .text.__sinit  0x0000000008005260       0x30 C:/ST/STM32CubeIDE_1.14.0/STM32CubeIDE/plugins/com.st.stm32cube.ide.mcu.externaltools.gnu-tools-for-stm32.11.3.rel1.win32_1.1.100.202309141235/tools/bin/../lib/gcc/arm-none-eabi/11.3.1/../../../../arm-none-eabi/lib/thumb/v7e-m+fp/hard\libc_nano.a(libc_a-findfp.o)
                0x0000000008005260                __sinit
 .text._fwalk_sglue
                0x0000000008005290       0x3c C:/ST/STM32CubeIDE_1.14.0/STM32CubeIDE/plugins/com.st.stm32cube.ide.mcu.externaltools.gnu-tools-for-stm32.11.3.rel1.win32_1.1.100.202309141235/tools/bin/../lib/gcc/arm-none-eabi/11.3.1/../../../../arm-none-eabi/lib/thumb/v7e-m+fp/hard\libc_nano.a(libc_a-fwalk.o)
                0x0000000008005290                _fwalk_sglue
 .text.printf   0x00000000080052cc       0x24 C:/ST/STM32CubeIDE_1.14.0/STM32CubeIDE/plugins/com.st.stm32cube.ide.mcu.externaltools.gnu-tools-for-stm32.11.3.rel1.win32_1.1.100.202309141235/tools/bin/../lib/gcc/arm-none-eabi/11.3.1/../../../../arm-none-eabi/lib/thumb/v7e-m+fp/hard\libc_nano.a(libc_a-printf.o)
                0x00000000080052cc                iprintf
                0x00000000080052cc                printf
 .text._puts_r  0x00000000080052f0       0xa8 C:/ST/STM32CubeIDE_1.14.0/STM32CubeIDE/plugins/com.st.stm32cube.ide.mcu.externaltools.gnu-tools-for-stm32.11.3.rel1.win32_1.1.100.202309141235/tools/bin/../lib/gcc/arm-none-eabi/11.3.1/../../../../arm-none-eabi/lib/thumb/v7e-m+fp/hard\libc_nano.a(libc_a-puts.o)
                0x00000000080052f0                _puts_r
 .text.puts     0x0000000008005398       0x10 C:/ST/STM32CubeIDE_1.14.0/STM32CubeIDE/plugins/com.st.stm32cube.ide.mcu.externaltools.gnu-tools-for-stm32.11.3.rel1.win32_1.1.100.202309141235/tools/bin/../lib/gcc/arm-none-eabi/11.3.1/../../../../arm-none-eabi/lib/thumb/v7e-m+fp/hard\libc_nano.a(libc_a-puts.o)
                0x0000000008005398                puts
 .text.snprintf
                0x00000000080053a8       0x68 C:/ST/STM32CubeIDE_1.14.0/STM32CubeIDE/plugins/com.st.stm32cube.ide.mcu.externaltools.gnu-tools-for-stm32.11.3.rel1.win32_1.1.100.202309141235/tools/bin/../lib/gcc/arm-none-eabi/11.3.1/../../../../arm-none-eabi/lib/thumb/v7e-m+fp/hard\libc_nano.a(libc_a-snprintf.o)
                0x00000000080053a8                sniprintf
                0x00000000080053a8                snprintf
 .text.sprintf  0x0000000008005410       0x40 C:/ST/STM32CubeIDE_1.14.0/STM32CubeIDE/plugins/com.st.stm32cube.ide.mcu.externaltools.gnu-tools-for-stm32.11.3.rel1.win32_1.1.100.202309141235/tools/bin/../lib/gcc/arm-none-eabi/11.3.1/../../../../arm-none-eabi/lib/thumb/v7e-m+fp/hard\libc_nano.a(libc_a-sprintf.o)
                0x0000000008005410                siprintf
                0x0000000008005410                sprintf
 .text.__sread  0x0000000008005450       0x22 C:/ST/STM32CubeIDE_1.14.0/STM32CubeIDE/plugins/com.st.stm32cube.ide.mcu.externaltools.gnu-tools-for-stm32.11.3.rel1.win32_1.1.100.202309141235/tools/bin/../lib/gcc/arm-none-eabi/11.3.1/../../../../arm-none-eabi/lib/thumb/v7e-m+fp/hard\libc_nano.a(libc_a-stdio.o)
                0x0000000008005450                __sread
 .text.__swrite
                0x0000000008005472       0x38 C:/ST/STM32CubeIDE_1.14.0/STM32CubeIDE/plugins/com.st.stm32cube.ide.mcu.externaltools.gnu-tools-for-stm32.11.3.rel1.win32_1.1.100.202309141235/tools/bin/../lib/gcc/arm-none-eabi/11.3.1/../../../../arm-none-eabi/lib/thumb/v7e-m+fp/hard\libc_nano.a(libc_a-stdio.o)
                0x0000000008005472                __swrite
 .text.__sseek  0x00000000080054aa       0x24 C:/ST/STM32CubeIDE_1.14.0/STM32CubeIDE/plugins/com.st.stm32cube.ide.mcu.externaltools.gnu-tools-for-stm32.11.3.rel1.win32_1.1.100.202309141235/tools/bin/../lib/gcc/arm-none-eabi/11.3.1/../../../../arm-none-eabi/lib/thumb/v7e-m+fp/hard\libc_nano.a(libc_a-stdio.o)
                0x00000000080054aa                __sseek
 .text.__sclose
                0x00000000080054ce        0x8 C:/ST/STM32CubeIDE_1.14.0/STM32CubeIDE/plugins/com.st.stm32cube.ide.mcu.externaltools.gnu-tools-for-stm32.11.3.rel1.win32_1.1.100.202309141235/tools/bin/../lib/gcc/arm-none-eabi/11.3.1/../../../../arm-none-eabi/lib/thumb/v7e-m+fp/hard\libc_nano.a(libc_a-stdio.o)
                0x00000000080054ce                __sclose
 .text.__swbuf_r
                0x00000000080054d6       0x7a C:/ST/STM32CubeIDE_1.14.0/STM32CubeIDE/plugins/com.st.stm32cube.ide.mcu.externaltools.gnu-tools-for-stm32.11.3.rel1.win32_1.1.100.202309141235/tools/bin/../lib/gcc/arm-none-eabi/11.3.1/../../../../arm-none-eabi/lib/thumb/v7e-m+fp/hard\libc_nano.a(libc_a-wbuf.o)
                0x00000000080054d6                __swbuf_r
 .text.__swsetup_r
                0x0000000008005550       0xb0 C:/ST/STM32CubeIDE_1.14.0/STM32CubeIDE/plugins/com.st.stm32cube.ide.mcu.externaltools.gnu-tools-for-stm32.11.3.rel1.win32_1.1.100.202309141235/tools/bin/../lib/gcc/arm-none-eabi/11.3.1/../../../../arm-none-eabi/lib/thumb/v7e-m+fp/hard\libc_nano.a(libc_a-wsetup.o)
                0x0000000008005550                __swsetup_r
 .text.memset   0x0000000008005600       0x10 C:/ST/STM32CubeIDE_1.14.0/STM32CubeIDE/plugins/com.st.stm32cube.ide.mcu.externaltools.gnu-tools-for-stm32.11.3.rel1.win32_1.1.100.202309141235/tools/bin/../lib/gcc/arm-none-eabi/11.3.1/../../../../arm-none-eabi/lib/thumb/v7e-m+fp/hard\libc_nano.a(libc_a-memset.o)
                0x0000000008005600                memset
 .text._close_r
                0x0000000008005610       0x20 C:/ST/STM32CubeIDE_1.14.0/STM32CubeIDE/plugins/com.st.stm32cube.ide.mcu.externaltools.gnu-tools-for-stm32.11.3.rel1.win32_1.1.100.202309141235/tools/bin/../lib/gcc/arm-none-eabi/11.3.1/../../../../arm-none-eabi/lib/thumb/v7e-m+fp/hard\libc_nano.a(libc_a-closer.o)
                0x0000000008005610                _close_r
 .text._lseek_r
                0x0000000008005630       0x24 C:/ST/STM32CubeIDE_1.14.0/STM32CubeIDE/plugins/com.st.stm32cube.ide.mcu.externaltools.gnu-tools-for-stm32.11.3.rel1.win32_1.1.100.202309141235/tools/bin/../lib/gcc/arm-none-eabi/11.3.1/../../../../arm-none-eabi/lib/thumb/v7e-m+fp/hard\libc_nano.a(libc_a-lseekr.o)
                0x0000000008005630                _lseek_r
 .text._read_r  0x0000000008005654       0x24 C:/ST/STM32CubeIDE_1.14.0/STM32CubeIDE/plugins/com.st.stm32cube.ide.mcu.externaltools.gnu-tools-for-stm32.11.3.rel1.win32_1.1.100.202309141235/tools/bin/../lib/gcc/arm-none-eabi/11.3.1/../../../../arm-none-eabi/lib/thumb/v7e-m+fp/hard\libc_nano.a(libc_a-readr.o)
                0x0000000008005654                _read_r
 .text._write_r
                0x0000000008005678       0x24 C:/ST/STM32CubeIDE_1.14.0/STM32CubeIDE/plugins/com.st.stm32cube.ide.mcu.externaltools.gnu-tools-for-stm32.11.3.rel1.win32_1.1.100.202309141235/tools/bin/../lib/gcc/arm-none-eabi/11.3.1/../../../../arm-none-eabi/lib/thumb/v7e-m+fp/hard\libc_nano.a(libc_a-writer.o)
                0x0000000008005678                _write_r
 .text.__errno  0x000000000800569c        0xc C:/ST/STM32CubeIDE_1.14.0/STM32CubeIDE/plugins/com.st.stm32cube.ide.mcu.externaltools.gnu-tools-for-stm32.11.3.rel1.win32_1.1.100.202309141235/tools/bin/../lib/gcc/arm-none-eabi/11.3.1/../../../../arm-none-eabi/lib/thumb/v7e-m+fp/hard\libc_nano.a(libc_a-errno.o)
                0x000000000800569c                __errno
 .text.__libc_init_array
                0x00000000080056a8       0x48 C:/ST/STM32CubeIDE_1.14.0/STM32CubeIDE/plugins/com.st.stm32cube.ide.mcu.externaltools.gnu-tools-for-stm32.11.3.rel1.win32_1.1.100.202309141235/tools/bin/../lib/gcc/arm-none-eabi/11.3.1/../../../../arm-none-eabi/lib/thumb/v7e-m+fp/hard\libc_nano.a(libc_a-init.o)
                0x00000000080056a8                __libc_init_array
 .text.__retarget_lock_init_recursive
                0x00000000080056f0        0x2 C:/ST/STM32CubeIDE_1.14.0/STM32CubeIDE/plugins/com.st.stm32cube.ide.mcu.externaltools.gnu-tools-for-stm32.11.3.rel1.win32_1.1.100.202309141235/tools/bin/../lib/gcc/arm-none-eabi/11.3.1/../../../../arm-none-eabi/lib/thumb/v7e-m+fp/hard\libc_nano.a(libc_a-lock.o)
                0x00000000080056f0                __retarget_lock_init_recursive
 .text.__retarget_lock_acquire_recursive
                0x00000000080056f2        0x2 C:/ST/STM32CubeIDE_1.14.0/STM32CubeIDE/plugins/com.st.stm32cube.ide.mcu.externaltools.gnu-tools-for-stm32.11.3.rel1.win32_1.1.100.202309141235/tools/bin/../lib/gcc/arm-none-eabi/11.3.1/../../../../arm-none-eabi/lib/thumb/v7e-m+fp/hard\libc_nano.a(libc_a-lock.o)
                0x00000000080056f2                __retarget_lock_acquire_recursive
 .text.__retarget_lock_release_recursive
                0x00000000080056f4        0x2 C:/ST/STM32CubeIDE_1.14.0/STM32CubeIDE/plugins/com.st.stm32cube.ide.mcu.externaltools.gnu-tools-for-stm32.11.3.rel1.win32_1.1.100.202309141235/tools/bin/../lib/gcc/arm-none-eabi/11.3.1/../../../../arm-none-eabi/lib/thumb/v7e-m+fp/hard\libc_nano.a(libc_a-lock.o)
                0x00000000080056f4                __retarget_lock_release_recursive
 .text.memcpy   0x00000000080056f6       0x1c C:/ST/STM32CubeIDE_1.14.0/STM32CubeIDE/plugins/com.st.stm32cube.ide.mcu.externaltools.gnu-tools-for-stm32.11.3.rel1.win32_1.1.100.202309141235/tools/bin/../lib/gcc/arm-none-eabi/11.3.1/../../../../arm-none-eabi/lib/thumb/v7e-m+fp/hard\libc_nano.a(libc_a-memcpy-stub.o)
                0x00000000080056f6                memcpy
 *fill*         0x0000000008005712        0x2 
 .text._free_r  0x0000000008005714       0x98 C:/ST/STM32CubeIDE_1.14.0/STM32CubeIDE/plugins/com.st.stm32cube.ide.mcu.externaltools.gnu-tools-for-stm32.11.3.rel1.win32_1.1.100.202309141235/tools/bin/../lib/gcc/arm-none-eabi/11.3.1/../../../../arm-none-eabi/lib/thumb/v7e-m+fp/hard\libc_nano.a(libc_a-freer.o)
                0x0000000008005714                _free_r
 .text.sbrk_aligned
                0x00000000080057ac       0x40 C:/ST/STM32CubeIDE_1.14.0/STM32CubeIDE/plugins/com.st.stm32cube.ide.mcu.externaltools.gnu-tools-for-stm32.11.3.rel1.win32_1.1.100.202309141235/tools/bin/../lib/gcc/arm-none-eabi/11.3.1/../../../../arm-none-eabi/lib/thumb/v7e-m+fp/hard\libc_nano.a(libc_a-mallocr.o)
 .text._malloc_r
                0x00000000080057ec      0x100 C:/ST/STM32CubeIDE_1.14.0/STM32CubeIDE/plugins/com.st.stm32cube.ide.mcu.externaltools.gnu-tools-for-stm32.11.3.rel1.win32_1.1.100.202309141235/tools/bin/../lib/gcc/arm-none-eabi/11.3.1/../../../../arm-none-eabi/lib/thumb/v7e-m+fp/hard\libc_nano.a(libc_a-mallocr.o)
                0x00000000080057ec                _malloc_r
 .text.__malloc_lock
                0x00000000080058ec        0xc C:/ST/STM32CubeIDE_1.14.0/STM32CubeIDE/plugins/com.st.stm32cube.ide.mcu.externaltools.gnu-tools-for-stm32.11.3.rel1.win32_1.1.100.202309141235/tools/bin/../lib/gcc/arm-none-eabi/11.3.1/../../../../arm-none-eabi/lib/thumb/v7e-m+fp/hard\libc_nano.a(libc_a-mlock.o)
                0x00000000080058ec                __malloc_lock
 .text.__malloc_unlock
                0x00000000080058f8        0xc C:/ST/STM32CubeIDE_1.14.0/STM32CubeIDE/plugins/com.st.stm32cube.ide.mcu.externaltools.gnu-tools-for-stm32.11.3.rel1.win32_1.1.100.202309141235/tools/bin/../lib/gcc/arm-none-eabi/11.3.1/../../../../arm-none-eabi/lib/thumb/v7e-m+fp/hard\libc_nano.a(libc_a-mlock.o)
                0x00000000080058f8                __malloc_unlock
 .text.__ssputs_r
                0x0000000008005904       0xb4 C:/ST/STM32CubeIDE_1.14.0/STM32CubeIDE/plugins/com.st.stm32cube.ide.mcu.externaltools.gnu-tools-for-stm32.11.3.rel1.win32_1.1.100.202309141235/tools/bin/../lib/gcc/arm-none-eabi/11.3.1/../../../../arm-none-eabi/lib/thumb/v7e-m+fp/hard\libc_nano.a(libc_a-nano-svfprintf.o)
                0x0000000008005904                __ssputs_r
 .text._svfprintf_r
                0x00000000080059b8      0x1fc C:/ST/STM32CubeIDE_1.14.0/STM32CubeIDE/plugins/com.st.stm32cube.ide.mcu.externaltools.gnu-tools-for-stm32.11.3.rel1.win32_1.1.100.202309141235/tools/bin/../lib/gcc/arm-none-eabi/11.3.1/../../../../arm-none-eabi/lib/thumb/v7e-m+fp/hard\libc_nano.a(libc_a-nano-svfprintf.o)
                0x00000000080059b8                _svfiprintf_r
                0x00000000080059b8                _svfprintf_r
 .text.__sfputc_r
                0x0000000008005bb4       0x2e C:/ST/STM32CubeIDE_1.14.0/STM32CubeIDE/plugins/com.st.stm32cube.ide.mcu.externaltools.gnu-tools-for-stm32.11.3.rel1.win32_1.1.100.202309141235/tools/bin/../lib/gcc/arm-none-eabi/11.3.1/../../../../arm-none-eabi/lib/thumb/v7e-m+fp/hard\libc_nano.a(libc_a-nano-vfprintf.o)
 .text.__sfputs_r
                0x0000000008005be2       0x24 C:/ST/STM32CubeIDE_1.14.0/STM32CubeIDE/plugins/com.st.stm32cube.ide.mcu.externaltools.gnu-tools-for-stm32.11.3.rel1.win32_1.1.100.202309141235/tools/bin/../lib/gcc/arm-none-eabi/11.3.1/../../../../arm-none-eabi/lib/thumb/v7e-m+fp/hard\libc_nano.a(libc_a-nano-vfprintf.o)
                0x0000000008005be2                __sfputs_r
 *fill*         0x0000000008005c06        0x2 
 .text._vfprintf_r
                0x0000000008005c08      0x234 C:/ST/STM32CubeIDE_1.14.0/STM32CubeIDE/plugins/com.st.stm32cube.ide.mcu.externaltools.gnu-tools-for-stm32.11.3.rel1.win32_1.1.100.202309141235/tools/bin/../lib/gcc/arm-none-eabi/11.3.1/../../../../arm-none-eabi/lib/thumb/v7e-m+fp/hard\libc_nano.a(libc_a-nano-vfprintf.o)
                0x0000000008005c08                _vfprintf_r
                0x0000000008005c08                _vfiprintf_r
 .text._printf_common
                0x0000000008005e3c       0xda C:/ST/STM32CubeIDE_1.14.0/STM32CubeIDE/plugins/com.st.stm32cube.ide.mcu.externaltools.gnu-tools-for-stm32.11.3.rel1.win32_1.1.100.202309141235/tools/bin/../lib/gcc/arm-none-eabi/11.3.1/../../../../arm-none-eabi/lib/thumb/v7e-m+fp/hard\libc_nano.a(libc_a-nano-vfprintf_i.o)
                0x0000000008005e3c                _printf_common
 *fill*         0x0000000008005f16        0x2 
 .text._printf_i
                0x0000000008005f18      0x244 C:/ST/STM32CubeIDE_1.14.0/STM32CubeIDE/plugins/com.st.stm32cube.ide.mcu.externaltools.gnu-tools-for-stm32.11.3.rel1.win32_1.1.100.202309141235/tools/bin/../lib/gcc/arm-none-eabi/11.3.1/../../../../arm-none-eabi/lib/thumb/v7e-m+fp/hard\libc_nano.a(libc_a-nano-vfprintf_i.o)
                0x0000000008005f18                _printf_i
 .text.__sflush_r
                0x000000000800615c      0x10c C:/ST/STM32CubeIDE_1.14.0/STM32CubeIDE/plugins/com.st.stm32cube.ide.mcu.externaltools.gnu-tools-for-stm32.11.3.rel1.win32_1.1.100.202309141235/tools/bin/../lib/gcc/arm-none-eabi/11.3.1/../../../../arm-none-eabi/lib/thumb/v7e-m+fp/hard\libc_nano.a(libc_a-fflush.o)
                0x000000000800615c                __sflush_r
 .text._fflush_r
                0x0000000008006268       0x50 C:/ST/STM32CubeIDE_1.14.0/STM32CubeIDE/plugins/com.st.stm32cube.ide.mcu.externaltools.gnu-tools-for-stm32.11.3.rel1.win32_1.1.100.202309141235/tools/bin/../lib/gcc/arm-none-eabi/11.3.1/../../../../arm-none-eabi/lib/thumb/v7e-m+fp/hard\libc_nano.a(libc_a-fflush.o)
                0x0000000008006268                _fflush_r
 .text.__swhatbuf_r
                0x00000000080062b8       0x4c C:/ST/STM32CubeIDE_1.14.0/STM32CubeIDE/plugins/com.st.stm32cube.ide.mcu.externaltools.gnu-tools-for-stm32.11.3.rel1.win32_1.1.100.202309141235/tools/bin/../lib/gcc/arm-none-eabi/11.3.1/../../../../arm-none-eabi/lib/thumb/v7e-m+fp/hard\libc_nano.a(libc_a-makebuf.o)
                0x00000000080062b8                __swhatbuf_r
 .text.__smakebuf_r
                0x0000000008006304       0x78 C:/ST/STM32CubeIDE_1.14.0/STM32CubeIDE/plugins/com.st.stm32cube.ide.mcu.externaltools.gnu-tools-for-stm32.11.3.rel1.win32_1.1.100.202309141235/tools/bin/../lib/gcc/arm-none-eabi/11.3.1/../../../../arm-none-eabi/lib/thumb/v7e-m+fp/hard\libc_nano.a(libc_a-makebuf.o)
                0x0000000008006304                __smakebuf_r
 .text.memmove  0x000000000800637c       0x34 C:/ST/STM32CubeIDE_1.14.0/STM32CubeIDE/plugins/com.st.stm32cube.ide.mcu.externaltools.gnu-tools-for-stm32.11.3.rel1.win32_1.1.100.202309141235/tools/bin/../lib/gcc/arm-none-eabi/11.3.1/../../../../arm-none-eabi/lib/thumb/v7e-m+fp/hard\libc_nano.a(libc_a-memmove.o)
                0x000000000800637c                memmove
 .text._fstat_r
                0x00000000080063b0       0x24 C:/ST/STM32CubeIDE_1.14.0/STM32CubeIDE/plugins/com.st.stm32cube.ide.mcu.externaltools.gnu-tools-for-stm32.11.3.rel1.win32_1.1.100.202309141235/tools/bin/../lib/gcc/arm-none-eabi/11.3.1/../../../../arm-none-eabi/lib/thumb/v7e-m+fp/hard\libc_nano.a(libc_a-fstatr.o)
                0x00000000080063b0                _fstat_r
 .text._isatty_r
                0x00000000080063d4       0x20 C:/ST/STM32CubeIDE_1.14.0/STM32CubeIDE/plugins/com.st.stm32cube.ide.mcu.externaltools.gnu-tools-for-stm32.11.3.rel1.win32_1.1.100.202309141235/tools/bin/../lib/gcc/arm-none-eabi/11.3.1/../../../../arm-none-eabi/lib/thumb/v7e-m+fp/hard\libc_nano.a(libc_a-isattyr.o)
                0x00000000080063d4                _isatty_r
 .text._sbrk_r  0x00000000080063f4       0x20 C:/ST/STM32CubeIDE_1.14.0/STM32CubeIDE/plugins/com.st.stm32cube.ide.mcu.externaltools.gnu-tools-for-stm32.11.3.rel1.win32_1.1.100.202309141235/tools/bin/../lib/gcc/arm-none-eabi/11.3.1/../../../../arm-none-eabi/lib/thumb/v7e-m+fp/hard\libc_nano.a(libc_a-sbrkr.o)
                0x00000000080063f4                _sbrk_r
 .text._realloc_r
                0x0000000008006414       0x5e C:/ST/STM32CubeIDE_1.14.0/STM32CubeIDE/plugins/com.st.stm32cube.ide.mcu.externaltools.gnu-tools-for-stm32.11.3.rel1.win32_1.1.100.202309141235/tools/bin/../lib/gcc/arm-none-eabi/11.3.1/../../../../arm-none-eabi/lib/thumb/v7e-m+fp/hard\libc_nano.a(libc_a-reallocr.o)
                0x0000000008006414                _realloc_r
 .text._malloc_usable_size_r
                0x0000000008006472       0x10 C:/ST/STM32CubeIDE_1.14.0/STM32CubeIDE/plugins/com.st.stm32cube.ide.mcu.externaltools.gnu-tools-for-stm32.11.3.rel1.win32_1.1.100.202309141235/tools/bin/../lib/gcc/arm-none-eabi/11.3.1/../../../../arm-none-eabi/lib/thumb/v7e-m+fp/hard\libc_nano.a(libc_a-msizer.o)
                0x0000000008006472                _malloc_usable_size_r
 *(.glue_7)
 .glue_7        0x0000000008006482        0x0 linker stubs
 *(.glue_7t)
 .glue_7t       0x0000000008006482        0x0 linker stubs
 *(.eh_frame)
 *fill*         0x0000000008006482        0x2 
 .eh_frame      0x0000000008006484        0x0 C:/ST/STM32CubeIDE_1.14.0/STM32CubeIDE/plugins/com.st.stm32cube.ide.mcu.externaltools.gnu-tools-for-stm32.11.3.rel1.win32_1.1.100.202309141235/tools/bin/../lib/gcc/arm-none-eabi/11.3.1/thumb/v7e-m+fp/hard/crtbegin.o
 *(.init)
 .init          0x0000000008006484        0x4 C:/ST/STM32CubeIDE_1.14.0/STM32CubeIDE/plugins/com.st.stm32cube.ide.mcu.externaltools.gnu-tools-for-stm32.11.3.rel1.win32_1.1.100.202309141235/tools/bin/../lib/gcc/arm-none-eabi/11.3.1/thumb/v7e-m+fp/hard/crti.o
                0x0000000008006484                _init
 .init          0x0000000008006488        0x8 C:/ST/STM32CubeIDE_1.14.0/STM32CubeIDE/plugins/com.st.stm32cube.ide.mcu.externaltools.gnu-tools-for-stm32.11.3.rel1.win32_1.1.100.202309141235/tools/bin/../lib/gcc/arm-none-eabi/11.3.1/thumb/v7e-m+fp/hard/crtn.o
 *(.fini)
 .fini          0x0000000008006490        0x4 C:/ST/STM32CubeIDE_1.14.0/STM32CubeIDE/plugins/com.st.stm32cube.ide.mcu.externaltools.gnu-tools-for-stm32.11.3.rel1.win32_1.1.100.202309141235/tools/bin/../lib/gcc/arm-none-eabi/11.3.1/thumb/v7e-m+fp/hard/crti.o
                0x0000000008006490                _fini
 .fini          0x0000000008006494        0x8 C:/ST/STM32CubeIDE_1.14.0/STM32CubeIDE/plugins/com.st.stm32cube.ide.mcu.externaltools.gnu-tools-for-stm32.11.3.rel1.win32_1.1.100.202309141235/tools/bin/../lib/gcc/arm-none-eabi/11.3.1/thumb/v7e-m+fp/hard/crtn.o
                0x000000000800649c                . = ALIGN (0x4)
                0x000000000800649c                _etext = .

.vfp11_veneer   0x000000000800649c        0x0
 .vfp11_veneer  0x000000000800649c        0x0 linker stubs

.v4_bx          0x000000000800649c        0x0
 .v4_bx         0x000000000800649c        0x0 linker stubs

.iplt           0x000000000800649c        0x0
 .iplt          0x000000000800649c        0x0 C:/ST/STM32CubeIDE_1.14.0/STM32CubeIDE/plugins/com.st.stm32cube.ide.mcu.externaltools.gnu-tools-for-stm32.11.3.rel1.win32_1.1.100.202309141235/tools/bin/../lib/gcc/arm-none-eabi/11.3.1/thumb/v7e-m+fp/hard/crtbegin.o

.rodata         0x000000000800649c      0xb08
                0x000000000800649c                . = ALIGN (0x4)
 *(.rodata)
 .rodata        0x000000000800649c       0x1b ./Core/Src/app_debug.o
 *fill*         0x00000000080064b7        0x1 
 .rodata        0x00000000080064b8       0x20 ./Drivers/STM32WBxx_HAL_Driver/Src/stm32wbxx_hal_rcc.o
 .rodata        0x00000000080064d8       0x3a ./STM32_WPAN/App/app_ble.o
 *(.rodata*)
 .rodata.aGpioConfigList
                0x0000000008006512      0x130 ./Core/Src/app_debug.o
 .rodata.APPE_SysUserEvtRx.str1.1
                0x0000000008006642      0x323 ./Core/Src/app_entry.o
 *fill*         0x0000000008006965        0x3 
 .rodata.AHBPrescTable
                0x0000000008006968       0x40 ./Core/Src/system_stm32wbxx.o
                0x0000000008006968                AHBPrescTable
 .rodata.APBPrescTable
                0x00000000080069a8       0x20 ./Core/Src/system_stm32wbxx.o
                0x00000000080069a8                APBPrescTable
 .rodata.MSIRangeTable
                0x00000000080069c8       0x40 ./Core/Src/system_stm32wbxx.o
                0x00000000080069c8                MSIRangeTable
 .rodata.CSWTCH.62
                0x0000000008006a08        0x3 ./Drivers/STM32WBxx_HAL_Driver/Src/stm32wbxx_hal_uart.o
 *fill*         0x0000000008006a0b        0x1 
 .rodata.UARTPrescTable
                0x0000000008006a0c       0x18 ./Drivers/STM32WBxx_HAL_Driver/Src/stm32wbxx_hal_uart.o
                0x0000000008006a0c                UARTPrescTable
 .rodata.denominator.0
                0x0000000008006a24        0x8 ./Drivers/STM32WBxx_HAL_Driver/Src/stm32wbxx_hal_uart_ex.o
 .rodata.numerator.1
                0x0000000008006a2c        0x8 ./Drivers/STM32WBxx_HAL_Driver/Src/stm32wbxx_hal_uart_ex.o
 .rodata.APP_BLE_Init.str1.1
                0x0000000008006a34      0x4d1 ./STM32_WPAN/App/app_ble.o
                                        0x4d7 (size before relaxing)
 .rodata.a_BLE_CfgErValue
                0x0000000008006f05       0x10 ./STM32_WPAN/App/app_ble.o
 .rodata.a_BLE_CfgIrValue
                0x0000000008006f15       0x10 ./STM32_WPAN/App/app_ble.o
 .rodata.a_MBdAddr
                0x0000000008006f25        0x6 ./STM32_WPAN/App/app_ble.o
 .rodata.BLE_GetMacAddress.str1.1
                0x0000000008006f2b        0xc ./User/BLE/ble_advertising.o
 .rodata.BLE_GetMacAddressForLocalName.str1.1
                0x0000000008006f37       0x11 ./User/BLE/ble_advertising.o
 .rodata.BLE_SetPachaBleID.str1.1
                0x0000000008006f48       0x16 ./User/BLE/ble_advertising.o
 .rodata.SEQ_clz_table_4bit
                0x0000000008006f5e       0x10 ./Utilities/sequencer/stm32_seq.o
                0x0000000008006f5e                SEQ_clz_table_4bit
 .rodata._svfprintf_r.str1.1
                0x0000000008006f6e       0x11 C:/ST/STM32CubeIDE_1.14.0/STM32CubeIDE/plugins/com.st.stm32cube.ide.mcu.externaltools.gnu-tools-for-stm32.11.3.rel1.win32_1.1.100.202309141235/tools/bin/../lib/gcc/arm-none-eabi/11.3.1/../../../../arm-none-eabi/lib/thumb/v7e-m+fp/hard\libc_nano.a(libc_a-nano-svfprintf.o)
 .rodata._vfprintf_r.str1.1
                0x0000000008006f7f       0x11 C:/ST/STM32CubeIDE_1.14.0/STM32CubeIDE/plugins/com.st.stm32cube.ide.mcu.externaltools.gnu-tools-for-stm32.11.3.rel1.win32_1.1.100.202309141235/tools/bin/../lib/gcc/arm-none-eabi/11.3.1/../../../../arm-none-eabi/lib/thumb/v7e-m+fp/hard\libc_nano.a(libc_a-nano-vfprintf.o)
 .rodata._printf_i.str1.1
                0x0000000008006f7f       0x22 C:/ST/STM32CubeIDE_1.14.0/STM32CubeIDE/plugins/com.st.stm32cube.ide.mcu.externaltools.gnu-tools-for-stm32.11.3.rel1.win32_1.1.100.202309141235/tools/bin/../lib/gcc/arm-none-eabi/11.3.1/../../../../arm-none-eabi/lib/thumb/v7e-m+fp/hard\libc_nano.a(libc_a-nano-vfprintf_i.o)
                0x0000000008006fa4                . = ALIGN (0x4)
 *fill*         0x0000000008006fa1        0x3 

.ARM.extab
 *(.ARM.extab* .gnu.linkonce.armextab.*)

.ARM            0x0000000008006fa4        0x8
                0x0000000008006fa4                __exidx_start = .
 *(.ARM.exidx*)
 .ARM.exidx     0x0000000008006fa4        0x8 C:/ST/STM32CubeIDE_1.14.0/STM32CubeIDE/plugins/com.st.stm32cube.ide.mcu.externaltools.gnu-tools-for-stm32.11.3.rel1.win32_1.1.100.202309141235/tools/bin/../lib/gcc/arm-none-eabi/11.3.1/thumb/v7e-m+fp/hard\libgcc.a(_udivmoddi4.o)
                0x0000000008006fac                __exidx_end = .

.rel.dyn        0x0000000008006fac        0x0
 .rel.iplt      0x0000000008006fac        0x0 C:/ST/STM32CubeIDE_1.14.0/STM32CubeIDE/plugins/com.st.stm32cube.ide.mcu.externaltools.gnu-tools-for-stm32.11.3.rel1.win32_1.1.100.202309141235/tools/bin/../lib/gcc/arm-none-eabi/11.3.1/thumb/v7e-m+fp/hard/crtbegin.o

.preinit_array  0x0000000008006fac        0x0
                0x0000000008006fac                PROVIDE (__preinit_array_start = .)
 *(.preinit_array*)
                0x0000000008006fac                PROVIDE (__preinit_array_end = .)

.init_array     0x0000000008006fac        0x4
                0x0000000008006fac                PROVIDE (__init_array_start = .)
 *(SORT_BY_NAME(.init_array.*))
 *(.init_array*)
 .init_array    0x0000000008006fac        0x4 C:/ST/STM32CubeIDE_1.14.0/STM32CubeIDE/plugins/com.st.stm32cube.ide.mcu.externaltools.gnu-tools-for-stm32.11.3.rel1.win32_1.1.100.202309141235/tools/bin/../lib/gcc/arm-none-eabi/11.3.1/thumb/v7e-m+fp/hard/crtbegin.o
                0x0000000008006fb0                PROVIDE (__init_array_end = .)

.fini_array     0x0000000008006fb0        0x4
                [!provide]                        PROVIDE (__fini_array_start = .)
 *(SORT_BY_NAME(.fini_array.*))
 *(.fini_array*)
 .fini_array    0x0000000008006fb0        0x4 C:/ST/STM32CubeIDE_1.14.0/STM32CubeIDE/plugins/com.st.stm32cube.ide.mcu.externaltools.gnu-tools-for-stm32.11.3.rel1.win32_1.1.100.202309141235/tools/bin/../lib/gcc/arm-none-eabi/11.3.1/thumb/v7e-m+fp/hard/crtbegin.o
                [!provide]                        PROVIDE (__fini_array_end = .)
                0x0000000008006fb4                _sidata = LOADADDR (.data)

.data           0x0000000020000008       0x74 load address 0x0000000008006fb4
                0x0000000020000008                . = ALIGN (0x4)
                0x0000000020000008                _sdata = .
 *(.data)
 *(.data*)
 .data.SystemCoreClock
                0x0000000020000008        0x4 ./Core/Src/system_stm32wbxx.o
                0x0000000020000008                SystemCoreClock
 .data.uwTickFreq
                0x000000002000000c        0x1 ./Drivers/STM32WBxx_HAL_Driver/Src/stm32wbxx_hal.o
                0x000000002000000c                uwTickFreq
 *fill*         0x000000002000000d        0x3 
 .data.uwTickPrio
                0x0000000020000010        0x4 ./Drivers/STM32WBxx_HAL_Driver/Src/stm32wbxx_hal.o
                0x0000000020000010                uwTickPrio
 .data.DbgTracePeripheralReady
                0x0000000020000014        0x1 ./Middlewares/ST/STM32_WPAN/utilities/dbg_trace.o
                0x0000000020000014                DbgTracePeripheralReady
 *fill*         0x0000000020000015        0x3 
 .data.SuperMask
                0x0000000020000018        0x4 ./Utilities/sequencer/stm32_seq.o
 .data.TaskMask
                0x000000002000001c        0x4 ./Utilities/sequencer/stm32_seq.o
 .data.__sglue  0x0000000020000020        0xc C:/ST/STM32CubeIDE_1.14.0/STM32CubeIDE/plugins/com.st.stm32cube.ide.mcu.externaltools.gnu-tools-for-stm32.11.3.rel1.win32_1.1.100.202309141235/tools/bin/../lib/gcc/arm-none-eabi/11.3.1/../../../../arm-none-eabi/lib/thumb/v7e-m+fp/hard\libc_nano.a(libc_a-findfp.o)
                0x0000000020000020                __sglue
 .data._impure_data
                0x000000002000002c       0x4c C:/ST/STM32CubeIDE_1.14.0/STM32CubeIDE/plugins/com.st.stm32cube.ide.mcu.externaltools.gnu-tools-for-stm32.11.3.rel1.win32_1.1.100.202309141235/tools/bin/../lib/gcc/arm-none-eabi/11.3.1/../../../../arm-none-eabi/lib/thumb/v7e-m+fp/hard\libc_nano.a(libc_a-impure.o)
                0x000000002000002c                _impure_data
 .data._impure_ptr
                0x0000000020000078        0x4 C:/ST/STM32CubeIDE_1.14.0/STM32CubeIDE/plugins/com.st.stm32cube.ide.mcu.externaltools.gnu-tools-for-stm32.11.3.rel1.win32_1.1.100.202309141235/tools/bin/../lib/gcc/arm-none-eabi/11.3.1/../../../../arm-none-eabi/lib/thumb/v7e-m+fp/hard\libc_nano.a(libc_a-impure.o)
                0x0000000020000078                _impure_ptr
 *(.RamFunc)
 *(.RamFunc*)
                0x000000002000007c                . = ALIGN (0x4)
                0x000000002000007c                _edata = .

.igot.plt       0x000000002000007c        0x0 load address 0x0000000008007028
 .igot.plt      0x000000002000007c        0x0 C:/ST/STM32CubeIDE_1.14.0/STM32CubeIDE/plugins/com.st.stm32cube.ide.mcu.externaltools.gnu-tools-for-stm32.11.3.rel1.win32_1.1.100.202309141235/tools/bin/../lib/gcc/arm-none-eabi/11.3.1/thumb/v7e-m+fp/hard/crtbegin.o

BLE_DRIVER_CONTEXT
                0x000000002000007c       0x32 load address 0x0000000008007028
 BLE_DRIVER_CONTEXT
                0x000000002000007c       0x21 ./Middlewares/ST/STM32_WPAN/ble/svc/Src/svc_ctl.o
                0x000000002000007c                SVCCTL_EvtHandler
                0x000000002000009c                SVCCTL_CltHandler
 *fill*         0x000000002000009d        0x3 
 BLE_DRIVER_CONTEXT
                0x00000000200000a0        0xe ./Middlewares/ST/STM32_WPAN/interface/patterns/ble_thread/tl/hci_tl.o
                0x00000000200000ac                UserEventFlow

SYSTEM_DRIVER_CONTEXT
                0x00000000200000b0       0x11 load address 0x000000000800705a
 SYSTEM_DRIVER_CONTEXT
                0x00000000200000b0       0x11 ./Middlewares/ST/STM32_WPAN/interface/patterns/ble_thread/tl/shci_tl.o
                0x00000000200000c0                SHCI_TL_UserEventFlow
                0x00000000200000c4                . = ALIGN (0x4)

.bss            0x00000000200000c4     0x15d4 load address 0x000000000800706b
                0x00000000200000c4                _sbss = .
                0x00000000200000c4                __bss_start__ = _sbss
 *(.bss)
 .bss           0x00000000200000c4       0x1c C:/ST/STM32CubeIDE_1.14.0/STM32CubeIDE/plugins/com.st.stm32cube.ide.mcu.externaltools.gnu-tools-for-stm32.11.3.rel1.win32_1.1.100.202309141235/tools/bin/../lib/gcc/arm-none-eabi/11.3.1/thumb/v7e-m+fp/hard/crtbegin.o
 *(.bss*)
 .bss.AsynchPrescalerUserConfig
                0x00000000200000e0        0x1 ./Core/Src/hw_timerserver.o
 .bss.CurrentRunningTimerID
                0x00000000200000e1        0x1 ./Core/Src/hw_timerserver.o
 .bss.MaxWakeupTimerSetup
                0x00000000200000e2        0x2 ./Core/Src/hw_timerserver.o
 .bss.PreviousRunningTimerID
                0x00000000200000e4        0x1 ./Core/Src/hw_timerserver.o
 *fill*         0x00000000200000e5        0x3 
 .bss.SSRValueOnLastSetup
                0x00000000200000e8        0x4 ./Core/Src/hw_timerserver.o
 .bss.SynchPrescalerUserConfig
                0x00000000200000ec        0x2 ./Core/Src/hw_timerserver.o
 .bss.WakeupTimerDivider
                0x00000000200000ee        0x1 ./Core/Src/hw_timerserver.o
 .bss.WakeupTimerLimitation
                0x00000000200000ef        0x1 ./Core/Src/hw_timerserver.o
 .bss.aTimerContext
                0x00000000200000f0       0x90 ./Core/Src/hw_timerserver.o
 .bss.HW_huart1TxCb
                0x0000000020000180        0x4 ./Core/Src/hw_uart.o
                0x0000000020000180                HW_huart1TxCb
 .bss.hdma_lpuart1_tx
                0x0000000020000184       0x60 ./Core/Src/main.o
                0x0000000020000184                hdma_lpuart1_tx
 .bss.hdma_usart1_tx
                0x00000000200001e4       0x60 ./Core/Src/main.o
                0x00000000200001e4                hdma_usart1_tx
 .bss.hipcc     0x0000000020000244       0x3c ./Core/Src/main.o
                0x0000000020000244                hipcc
 .bss.hlpuart1  0x0000000020000280       0x94 ./Core/Src/main.o
                0x0000000020000280                hlpuart1
 .bss.hrtc      0x0000000020000314       0x24 ./Core/Src/main.o
                0x0000000020000314                hrtc
 .bss.huart1    0x0000000020000338       0x94 ./Core/Src/main.o
                0x0000000020000338                huart1
 .bss.__sbrk_heap_end
                0x00000000200003cc        0x4 ./Core/Src/sysmem.o
 .bss.uwTick    0x00000000200003d0        0x4 ./Drivers/STM32WBxx_HAL_Driver/Src/stm32wbxx_hal.o
                0x00000000200003d0                uwTick
 .bss.CmdRspStatusFlag
                0x00000000200003d4        0x1 ./Middlewares/ST/STM32_WPAN/interface/patterns/ble_thread/tl/hci_tl.o
 .bss.HciCmdEventQueue
                0x00000000200003d5        0x8 ./Middlewares/ST/STM32_WPAN/interface/patterns/ble_thread/tl/hci_tl.o
 *fill*         0x00000000200003dd        0x3 
 .bss.StatusNotCallBackFunction
                0x00000000200003e0        0x4 ./Middlewares/ST/STM32_WPAN/interface/patterns/ble_thread/tl/hci_tl.o
 .bss.hciContext
                0x00000000200003e4       0x20 ./Middlewares/ST/STM32_WPAN/interface/patterns/ble_thread/tl/hci_tl.o
 .bss.CmdRspStatusFlag
                0x0000000020000404        0x1 ./Middlewares/ST/STM32_WPAN/interface/patterns/ble_thread/tl/shci_tl.o
 *fill*         0x0000000020000405        0x3 
 .bss.StatusNotCallBackFunction
                0x0000000020000408        0x4 ./Middlewares/ST/STM32_WPAN/interface/patterns/ble_thread/tl/shci_tl.o
 .bss.shciContext
                0x000000002000040c       0x20 ./Middlewares/ST/STM32_WPAN/interface/patterns/ble_thread/tl/shci_tl.o